[19:18:11 +      1s] queue block: 12 columns joined POSITIONALLY onto 12 months from /Users/saurabhdxt/Projects/prc-challenge/data/cache_queue (row counts asserted per month; the order is the v6 builder's, proven on March both ways)
[19:18:11 +      1s] order block: 3 columns joined POSITIONALLY onto 12 months from /Users/saurabhdxt/Projects/prc-challenge/data/cache_order (row counts asserted per month; the order is build_features's, tests/test_order_features.py)
[19:18:11 +      1s] loaded 12 months (2,062,440 rows): holdout (months (1, 7)) 339,015; training 1,723,425; fit 1,378,585; early-stop 344,840; airports ['EDDF', 'EDDM', 'EGLL', 'EHAM', 'LEBL', 'LEMD', 'LFPG', 'LIRF', 'LSZH', 'LTFM']; peak RSS 2.63 GB
[19:18:17 +      6s] design matrix 2,062,440 x 83 float32 (0.68 GB); peak RSS 3.09 GB
[19:18:17 +      6s] arm CAP: setting (127, 20, 0.6) on arm F's 83-column design; params {'objective': 'regression', 'metric': 'rmse', 'learning_rate': 0.01, 'num_leaves': 127, 'min_data_in_leaf': 20, 'feature_fraction': 0.6, 'bagging_fraction': 0.8, 'bagging_freq': 1, 'cat_smooth': 20, 'min_data_per_group': 100, 'max_cat_threshold': 64, 'num_threads': 4, 'verbosity': -1, 'seed': 0}
[19:18:17 +      6s] [cap] early stopping on 83 features, target delta
[19:18:17 +      6s] early-stopping run (seed 0, target delta): fit 1,378,585 rows, stop on 344,840 rows (months (3, 9)), lr 0.01, max 50,000 rounds, patience 200
[19:18:18 +      7s]     iter      0  valid_0 rmse (delta) 374.850
[19:19:21 +     71s]     iter  1,000  valid_0 rmse (delta) 209.439
[19:20:15 +    124s]     iter  2,000  valid_0 rmse (delta) 204.668
[19:20:58 +    167s]     iter  3,000  valid_0 rmse (delta) 202.906
[19:21:37 +    206s]     iter  4,000  valid_0 rmse (delta) 201.932
[19:22:13 +    243s]     iter  5,000  valid_0 rmse (delta) 201.297
[19:22:48 +    277s]     iter  6,000  valid_0 rmse (delta) 200.825
[19:23:21 +    311s]     iter  7,000  valid_0 rmse (delta) 200.441
[19:23:53 +    342s]     iter  8,000  valid_0 rmse (delta) 200.131
[19:24:24 +    373s]     iter  9,000  valid_0 rmse (delta) 199.908
[19:24:54 +    404s]     iter 10,000  valid_0 rmse (delta) 199.691
[19:25:25 +    434s]     iter 11,000  valid_0 rmse (delta) 199.531
[19:25:55 +    465s]     iter 12,000  valid_0 rmse (delta) 199.392
[19:26:26 +    495s]     iter 13,000  valid_0 rmse (delta) 199.254
[19:26:56 +    526s]     iter 14,000  valid_0 rmse (delta) 199.141
[19:27:27 +    556s]     iter 15,000  valid_0 rmse (delta) 199.025
[19:27:58 +    587s]     iter 16,000  valid_0 rmse (delta) 198.926
[19:28:28 +    618s]     iter 17,000  valid_0 rmse (delta) 198.836
[19:28:59 +    648s]     iter 18,000  valid_0 rmse (delta) 198.751
[19:29:29 +    679s]     iter 19,000  valid_0 rmse (delta) 198.677
[19:29:59 +    709s]     iter 20,000  valid_0 rmse (delta) 198.606
[19:30:29 +    739s]     iter 21,000  valid_0 rmse (delta) 198.547
[19:30:59 +    768s]     iter 22,000  valid_0 rmse (delta) 198.491
[19:31:29 +    798s]     iter 23,000  valid_0 rmse (delta) 198.434
[19:31:58 +    828s]     iter 24,000  valid_0 rmse (delta) 198.394
[19:32:28 +    857s]     iter 25,000  valid_0 rmse (delta) 198.344
[19:32:58 +    888s]     iter 26,000  valid_0 rmse (delta) 198.312
[19:33:28 +    917s]     iter 27,000  valid_0 rmse (delta) 198.281
[19:33:58 +    947s]     iter 28,000  valid_0 rmse (delta) 198.251
[19:34:28 +    977s]     iter 29,000  valid_0 rmse (delta) 198.224
[19:34:57 +   1006s]     iter 30,000  valid_0 rmse (delta) 198.194
[19:35:26 +   1035s]     iter 31,000  valid_0 rmse (delta) 198.165
[19:35:54 +   1064s]     iter 32,000  valid_0 rmse (delta) 198.142
[19:36:23 +   1093s]     iter 33,000  valid_0 rmse (delta) 198.122
[19:42:39 +   1469s] best_iter 33,352   stopping-set RMSE (taxi-time) 197.74   proxy-only on the 344,840 rows with a proxy 366.25   ratio 0.540   [stopping set, optimistic by construction; NOT a fold result]   peak RSS 3.44 GB
[19:42:39 +   1469s] n_ref 41,694: refit on all 1,723,425 training rows (best_iter 33,352 x 1.250), no early stopping
[20:07:17 +   2947s] refit seed 0 done: 41,694 trees on 1,723,425 rows in 1478s   peak RSS 4.10 GB
[20:13:55 +   3345s] [cap] seed 0 alone: matched RMSE 222.4099 on 339,015 holdout rows   [1876s]
[20:38:19 +   4808s] refit seed 1 done: 41,694 trees on 1,723,425 rows in 1464s   peak RSS 4.11 GB
[20:44:35 +   5185s] [cap] seed 1 alone: matched RMSE 222.6416 on 339,015 holdout rows   [1840s]
[21:08:57 +   6647s] refit seed 2 done: 41,694 trees on 1,723,425 rows in 1462s   peak RSS 4.13 GB
[21:15:05 +   7015s] [cap] seed 2 alone: matched RMSE 222.5230 on 339,015 holdout rows   [1830s]
[21:15:05 +   7015s] json -> /Users/saurabhdxt/Projects/prc-challenge/reports/capacity_f_fit.json   best_iter 33,352 n_ref 41,694   wall 7015s
     7015.87 real     23010.15 user      1144.55 sys
          4437786624  maximum resident set size
                   0  average shared memory size
                   0  average unshared data size
                   0  average unshared stack size
             2382023  page reclaims
                 289  page faults
                   0  swaps
                   0  block input operations
                   0  block output operations
                   0  messages sent
                   0  messages received
                   0  signals received
               46774  voluntary context switches
           415043082  involuntary context switches
     324458675313440  instructions retired
      95031531145723  cycles elapsed
          6340220304  peak memory footprint
exit 0
