{
 "rmse": {
  "F": 222.56316251601282,
  "CAP": 221.98497240998833,
  "F_seed0": 223.1960349193375,
  "CAP_seed0": 222.40992544713043,
  "F_seed1": 223.09306671742414,
  "CAP_seed1": 222.64160540231256,
  "F_seed2": 222.9421530842783,
  "CAP_seed2": 222.52299491828384
 },
 "gain_s": 0.5781901060244934,
 "ci95_day_block": [
  0.319713476213299,
  0.8245709534759711
 ],
 "ci95_row_bootstrap_reported": [
  0.30875472679406074,
  0.8537571942242442
 ],
 "seed_sd_cap": 0.11585102061241782,
 "gain_by_month_s": {
  "1": 0.1299407444429619,
  "7": 0.8891897114297649
 },
 "airports_improving": 7,
 "cuts": {
  "fill": {
   "n": 30167,
   "F": 285.6315925543166,
   "CAP": 284.298808731702,
   "loss_s": -1.3327838226146014
  },
  "tail": {
   "n": 25870,
   "F": 551.7413444422863,
   "CAP": 549.3958963429079,
   "loss_s": -2.345448099378359
  },
  "nonfill": {
   "n": 308848,
   "F": 215.41529023815963,
   "CAP": 214.932086929894,
   "loss_s": -0.4832033082656153
  }
 },
 "net_weighted_fold_mse": 253.0904419335496,
 "clauses": {
  "C1_interval": true,
  "C2_gain_over_2x_seed_sd": true,
  "C3_both_months": true,
  "C4_airports": true,
  "C5_cuts_bounded": true
 },
 "verdict": "ESTABLISHED"
}
