[21:18:22 +      0s] lgbm_fold [queue_allrows]  smoke=False  json=/Users/saurabhdxt/Projects/prc-challenge/reports/lgbm_fold_queue_allrows.json  log=/Users/saurabhdxt/Projects/prc-challenge/reports/lgbm_fold_queue_allrows.log  preds=/Users/saurabhdxt/Projects/prc-challenge/data/cache_stand/fold_preds_queue_allrows.parquet
[21:18:22 +      0s] command: cd ~/Projects/prc-challenge && PYTHONDONTWRITEBYTECODE=1 OMP_NUM_THREADS=1 nice -n 19 /usr/bin/time -l python3.11 -B -u scripts/lgbm_fold.py --ytarget --all-rows --queue --unmatched-weight 1,10 --baseline A2 --pa-trees es 2>&1 | tee reports/lgbm_fold_queue_allrows.console.log
[21:18:22 +      0s] estimate: ~3.1 h (range 2.5-4 h): the allrows estimate x1.15 for 81 columns; peak RSS ~4.9 GB. The matched pipeline is READ from the queue record; prerequisites as for allrows plus data/cache_queue/. Writes reports/lgbm_fold_queue_allrows.{json,log} and data/cache_stand/fold_preds_queue_allrows.parquet.
[21:18:22 +      0s] UNIFIED all-rows arm: ONE y-target regressor on matched + unmatched training rows, design FEATS + QUEUE_FEATS + is_unmatched (81 features); unmatched weights [1.0, 10.0] (one arm each, seeds [0, 1, 2]); y_hat = max(prediction, 1), no proxy; pipeline = matched A2 + QUEUE_FEATS (the queue record) + unmatched S0 of the stratum record; blend 0.5; bootstrap 2,000 draws seed 0; 2026 weights 0.984660 / 0.015340; monsters y > 10800 s; early stopping evaluated on the MATCHED stopping rows only (Amendment 20.5: the unmatched stopping rows' monster errors decide the stop by noise)
[21:18:22 +      0s] baseline: the queue record /Users/saurabhdxt/Projects/prc-challenge/reports/lgbm_fold_queue.json (sha 58b785bb6cb8ff222198d0637f2fc45c8761c656, treatment best_iter 21316, n_ref 26647, baseline_arm 'A2', seeds [0, 1, 2], pa_trees 'es'); predictions /Users/saurabhdxt/Projects/prc-challenge/data/cache_stand/fold_preds_queue.parquet
[21:18:23 +      1s] queue block: 12 columns joined POSITIONALLY onto 12 months from /Users/saurabhdxt/Projects/prc-challenge/data/cache_queue (row counts asserted per month; the order is the v6 builder's, proven on March both ways)
[21:18:23 +      1s] unmatched rows: 22,219 appended after the 2,062,440 matched rows from /Users/saurabhdxt/Projects/prc-challenge/data/cache_unmatched (12 files; the NaN pattern - 13 AOBT_3-anchored + 10 *_flt-derived columns - checked on each); is_unmatched appended as the last design column
[21:18:23 +      1s] loaded 12 months (2,084,659 rows): holdout (months (1, 7)) 344,336 (5,321 unmatched); training 1,740,323 (16,898 unmatched); fit 1,391,970; early-stop 348,353; airports ['EDDF', 'EDDM', 'EGLL', 'EHAM', 'LEBL', 'LEMD', 'LFPG', 'LIRF', 'LSZH', 'LTFM']; peak RSS 2.70 GB
[21:18:29 +      6s] design matrix 2,084,659 x 81 float32 (0.68 GB); peak RSS 3.18 GB
[21:18:29 +      6s] [baseline] A2 + QUEUE_FEATS rebuilt from the queue predictions over seeds [0, 1, 2] on the identical fold (339,015 rows); seed sd 0.1454 s from the queue json
[21:18:29 +      7s] pipeline: matched rows from queue predictions, unmatched rows from /Users/saurabhdxt/Projects/prc-challenge/data/cache_stand/stratum_fold_v7_preds.parquet (fold A: 5,321 rows, 5,321 joined by id, y and month identical)
[21:18:29 +      7s] [U_w1] early stopping on 81 features, target y
[21:18:29 +      7s] early-stopping run (seed 0, target y): fit 1,391,970 rows, stop on 344,840 rows (months (3, 9); the MATCHED stopping rows only, 3,513 unmatched stopping rows excluded from the metric, Amendment 20.5), lr 0.01, max 50,000 rounds, patience 200, row weights (unmatched x1)
[21:18:30 +      8s]     iter      0  valid_0 rmse (y) 392.733
[21:19:57 +     95s]     iter  1,000  valid_0 rmse (y) 208.237
[21:21:10 +    167s]     iter  2,000  valid_0 rmse (y) 205.064
[21:22:05 +    223s]     iter  3,000  valid_0 rmse (y) 204.131
[21:22:56 +    273s]     iter  4,000  valid_0 rmse (y) 203.633
[21:23:44 +    321s]     iter  5,000  valid_0 rmse (y) 203.326
[21:24:30 +    367s]     iter  6,000  valid_0 rmse (y) 203.148
[21:25:14 +    411s]     iter  7,000  valid_0 rmse (y) 203.013
[21:27:54 +    571s] best_iter 7,375   stopping-set RMSE (taxi-time) 202.76   proxy-only on the 344,840 rows with a proxy 366.25   ratio 0.554   [stopping set, optimistic by construction; NOT a fold result]   peak RSS 4.06 GB
[21:27:54 +    571s] n_ref 9,220: refit on all 1,740,323 training rows (best_iter 7,375 x 1.250), no early stopping
[21:36:44 +   1101s] refit seed 0 done: 9,220 trees on 1,740,323 rows in 530s   peak RSS 4.06 GB
[21:39:40 +   1278s] [U_w1] seed 0 alone: matched RMSE 454.0097 on 344,336 holdout rows   [707s]
[21:48:27 +   1805s] refit seed 1 done: 9,220 trees on 1,740,323 rows in 526s   peak RSS 4.06 GB
[21:51:22 +   1980s] [U_w1] seed 1 alone: matched RMSE 452.0043 on 344,336 holdout rows   [702s]
[22:00:09 +   2507s] refit seed 2 done: 9,220 trees on 1,740,323 rows in 527s   peak RSS 4.06 GB
[22:02:58 +   2676s] [U_w1] seed 2 alone: matched RMSE 452.4157 on 344,336 holdout rows   [696s]
[22:02:59 +   2676s] [U_w1] done in 2670s; floor binds on 0.018% of rows
[22:02:59 +   2676s] [U_w10] early stopping on 81 features, target y
[22:02:59 +   2676s] early-stopping run (seed 0, target y): fit 1,391,970 rows, stop on 344,840 rows (months (3, 9); the MATCHED stopping rows only, 3,513 unmatched stopping rows excluded from the metric, Amendment 20.5), lr 0.01, max 50,000 rounds, patience 200, row weights (unmatched x10)
[22:03:00 +   2677s]     iter      0  valid_0 rmse (y) 394.886
[22:04:29 +   2767s]     iter  1,000  valid_0 rmse (y) 218.943
[22:05:43 +   2841s]     iter  2,000  valid_0 rmse (y) 215.343
[22:06:43 +   2900s]     iter  3,000  valid_0 rmse (y) 214.105
[22:07:36 +   2954s]     iter  4,000  valid_0 rmse (y) 213.005
[22:08:25 +   3003s]     iter  5,000  valid_0 rmse (y) 212.189
[22:09:12 +   3050s]     iter  6,000  valid_0 rmse (y) 211.525
[22:09:58 +   3096s]     iter  7,000  valid_0 rmse (y) 211.043
[22:10:42 +   3140s]     iter  8,000  valid_0 rmse (y) 210.655
[22:11:25 +   3182s]     iter  9,000  valid_0 rmse (y) 210.365
[22:12:07 +   3225s]     iter 10,000  valid_0 rmse (y) 210.106
[22:12:49 +   3266s]     iter 11,000  valid_0 rmse (y) 209.885
[22:13:30 +   3308s]     iter 12,000  valid_0 rmse (y) 209.712
[22:14:11 +   3349s]     iter 13,000  valid_0 rmse (y) 209.570
[22:14:52 +   3389s]     iter 14,000  valid_0 rmse (y) 209.438
[22:15:31 +   3429s]     iter 15,000  valid_0 rmse (y) 209.343
[22:16:11 +   3469s]     iter 16,000  valid_0 rmse (y) 209.252
[22:16:51 +   3508s]     iter 17,000  valid_0 rmse (y) 209.175
[22:17:30 +   3547s]     iter 18,000  valid_0 rmse (y) 209.115
[22:18:08 +   3586s]     iter 19,000  valid_0 rmse (y) 209.059
[22:18:47 +   3624s]     iter 20,000  valid_0 rmse (y) 209.008
[22:19:25 +   3663s]     iter 21,000  valid_0 rmse (y) 208.971
[22:20:05 +   3702s]     iter 22,000  valid_0 rmse (y) 208.936
[22:20:43 +   3741s]     iter 23,000  valid_0 rmse (y) 208.894
[22:29:40 +   4277s] best_iter 23,621   stopping-set RMSE (taxi-time) 207.02   proxy-only on the 344,840 rows with a proxy 366.25   ratio 0.565   [stopping set, optimistic by construction; NOT a fold result]   peak RSS 4.06 GB
[22:29:40 +   4277s] n_ref 29,532: refit on all 1,740,323 training rows (best_iter 23,621 x 1.250), no early stopping
[22:54:55 +   5792s] refit seed 0 done: 29,532 trees on 1,740,323 rows in 1515s   peak RSS 4.95 GB
[23:06:33 +   6490s] [U_w10] seed 0 alone: matched RMSE 459.8920 on 344,336 holdout rows   [2213s]
[23:31:21 +   7978s] refit seed 1 done: 29,532 trees on 1,740,323 rows in 1488s   peak RSS 4.95 GB
[23:41:40 +   8598s] [U_w10] seed 1 alone: matched RMSE 456.2139 on 344,336 holdout rows   [2107s]
[00:05:32 +  10030s] refit seed 2 done: 29,532 trees on 1,740,323 rows in 1432s   peak RSS 4.95 GB
[00:16:02 +  10660s] [U_w10] seed 2 alone: matched RMSE 456.2599 on 344,336 holdout rows   [2062s]
[00:16:03 +  10660s] [U_w10] done in 7984s; floor binds on 0.034% of rows
[00:16:40 +  10697s] ====================================================================================================
[00:16:40 +  10697s] UNIFIED ALL-ROWS ARM [queue_allrows] - MATCHED rows (339,015), holdout months (1, 7)   
[00:16:40 +  10697s] ====================================================================================================
[00:16:40 +  10697s] arm           matched RMSE   definition
[00:16:40 +  10697s] pipeline          224.2576   matched: A2 + QUEUE_FEATS (queue predictions); unmatched: the stratum record's S0
[00:16:40 +  10697s] U_w1              263.4999   unified y-target regressor, unmatched weight 1, best_iter 7,375 -> n_ref 9,220, mean over seeds [0, 1, 2], max(., 1)
[00:16:40 +  10697s] Ublend_w1         234.1538   0.5 U_w1 + 0.5 pipeline
[00:16:40 +  10697s] U_w10             273.5497   unified y-target regressor, unmatched weight 10, best_iter 23,621 -> n_ref 29,532, mean over seeds [0, 1, 2], max(., 1)
[00:16:40 +  10697s] Ublend_w10        237.0361   0.5 U_w10 + 0.5 pipeline
[00:16:40 +  10697s] seed sd: 0.1454 s (sample sd, ddof=1)   2 x seed sd = 0.2908 s
[00:16:40 +  10697s] pair                       gain s         95% paired CI  excl 0  gain/sd  >2x sd  airports improving
[00:16:40 +  10697s] U_w1_vs_pipeline         -39.2422   [-101.6468,  -1.3845]    True  -269.94   False         2 / 10     
[00:16:40 +  10697s] Ublend_w1_vs_pipeline     -9.8961   [-29.4333,  +0.6556]   False   -68.07   False         5 / 10     
[00:16:40 +  10697s] U_w10_vs_pipeline        -49.2921   [-112.5343,  -9.8657]    True  -339.07   False         0 / 10     
[00:16:40 +  10697s] Ublend_w10_vs_pipeline   -12.7785   [-32.9399,  -1.5925]    True   -87.90   False         3 / 10     
[00:16:40 +  10697s] airport         n   pipeline       U_w1  Ublend_w1      U_w10 Ublend_w10        U_w1_vs_pipeline   Ublend_w1_vs_pipeline       U_w10_vs_pipeline  Ublend_w10_vs_pipeline
[00:16:40 +  10697s] EDDF       36,231     177.92     178.44     177.36     178.31     177.10              -0.52                   +0.56                   -0.39                   +0.82     
[00:16:40 +  10697s] EDDM       26,854     166.52     168.80     166.69     173.26     167.60              -2.28*                  -0.17                   -6.74*                  -1.09     
[00:16:40 +  10697s] EGLL       39,744     229.07     227.85     226.69     231.85     227.86              +1.22                   +2.38*                  -2.78                   +1.20     
[00:16:40 +  10697s] EHAM       40,141     163.12     170.67     164.59     172.38     164.87              -7.56*                  -1.47                   -9.26*                  -1.76     
[00:16:40 +  10697s] LEBL       28,489     220.29     220.19     219.63     223.84     220.59              +0.10                   +0.66*                  -3.54*                  -0.29     
[00:16:40 +  10697s] LEMD       35,019     174.71     176.17     174.76     177.22     174.96              -1.47*                  -0.06                   -2.52*                  -0.25     
[00:16:40 +  10697s] LFPG       38,713     244.46     245.73     243.53     249.43     244.33              -1.26                   +0.93*                  -4.96*                  +0.14     
[00:16:40 +  10697s] LIRF       26,131     384.07     622.84     456.84     665.94     472.37            -238.78*                 -72.78                 -281.88*                 -88.31*    
[00:16:40 +  10697s] LSZH       21,811     174.16     179.76     174.95     186.24     176.03              -5.60*                  -0.79                  -12.08*                  -1.86     
[00:16:40 +  10697s] LTFM       45,882     243.64     244.35     243.08     247.04     243.78              -0.72                   +0.56*                  -3.40*                  -0.14     
[00:16:40 +  10697s]    (* = that airport's own paired interval excludes zero)
[00:16:40 +  10697s] ====================================================================================================
[00:16:40 +  10697s] UNIFIED ALL-ROWS ARM [queue_allrows] - UNMATCHED rows (5,321), holdout months (1, 7)   
[00:16:40 +  10697s] ====================================================================================================
[00:16:40 +  10697s] arm           matched RMSE   definition
[00:16:40 +  10697s] pipeline         1867.9046   matched: A2 + QUEUE_FEATS (queue predictions); unmatched: the stratum record's S0
[00:16:40 +  10697s] U_w1             2964.9641   unified y-target regressor, unmatched weight 1, best_iter 7,375 -> n_ref 9,220, mean over seeds [0, 1, 2], max(., 1)
[00:16:40 +  10697s] Ublend_w1        2161.8656   0.5 U_w1 + 0.5 pipeline
[00:16:40 +  10697s] U_w10            2946.8837   unified y-target regressor, unmatched weight 10, best_iter 23,621 -> n_ref 29,532, mean over seeds [0, 1, 2], max(., 1)
[00:16:40 +  10697s] Ublend_w10       2159.6388   0.5 U_w10 + 0.5 pipeline
[00:16:40 +  10697s] seed sd: 0.1454 s (sample sd, ddof=1)   2 x seed sd = 0.2908 s
[00:16:40 +  10697s] pair                       gain s         95% paired CI  excl 0  gain/sd  >2x sd  airports improving
[00:16:40 +  10697s] U_w1_vs_pipeline        -1097.0595   [-1769.3289, -597.5790]    True -7546.39   False         7 / 10     
[00:16:40 +  10697s] Ublend_w1_vs_pipeline   -293.9610   [-599.5206, -75.9374]    True -2022.08   False         9 / 10     
[00:16:40 +  10697s] U_w10_vs_pipeline       -1078.9791   [-1769.7923, -504.5750]    True -7422.02   False         8 / 10     
[00:16:40 +  10697s] Ublend_w10_vs_pipeline  -291.7342   [-611.7897, -49.0196]    True -2006.76   False         8 / 10     
[00:16:40 +  10697s] airport         n   pipeline       U_w1  Ublend_w1      U_w10 Ublend_w10        U_w1_vs_pipeline   Ublend_w1_vs_pipeline       U_w10_vs_pipeline  Ublend_w10_vs_pipeline
[00:16:40 +  10697s] EDDF          599     418.26     337.22     347.39     327.98     347.19             +81.04*                 +70.86*                 +90.28*                 +71.06*    
[00:16:40 +  10697s] EDDM          237     670.81     636.42     618.96     653.35     625.74             +34.39                  +51.85*                 +17.45                  +45.06*    
[00:16:40 +  10697s] EGLL          466    1174.83    1096.92    1112.72    1096.40    1120.22             +77.91*                 +62.11*                 +78.43*                 +54.61*    
[00:16:40 +  10697s] EHAM          808     663.74     561.34     584.58     568.03     586.74            +102.40*                 +79.17*                 +95.72*                 +77.00*    
[00:16:40 +  10697s] LEBL          496     362.08     332.52     318.01     329.22     314.54             +29.56                  +44.08*                 +32.86*                 +47.54*    
[00:16:40 +  10697s] LEMD          309     339.38     341.15     296.87     296.91     287.51              -1.77                  +42.51*                 +42.46                  +51.87*    
[00:16:40 +  10697s] LFPG          876    3456.28    3453.86    3448.62    3453.33    3449.01              +2.42                   +7.66                   +2.95                   +7.27     
[00:16:40 +  10697s] LIRF          397    3931.36    9356.18    5694.50    9271.37    5677.51           -5424.82*               -1763.14*               -5340.01*               -1746.15*    
[00:16:40 +  10697s] LSZH          476     690.81     772.63     681.40     863.76     712.13             -81.82                   +9.41                 -172.96*                 -21.32     
[00:16:40 +  10697s] LTFM          657     805.73     578.74     631.62     569.97     624.04            +226.99*                +174.10*                +235.75*                +181.68*    
[00:16:40 +  10697s]    (* = that airport's own paired interval excludes zero)
[00:16:40 +  10697s] ====================================================================================================
[00:16:40 +  10697s] UNIFIED ALL-ROWS ARM [queue_allrows] - UNMATCHED EXMONSTER rows (5,265), holdout months (1, 7)   
[00:16:40 +  10697s] ====================================================================================================
[00:16:40 +  10697s] arm           matched RMSE   definition
[00:16:40 +  10697s] pipeline          995.5975   matched: A2 + QUEUE_FEATS (queue predictions); unmatched: the stratum record's S0
[00:16:40 +  10697s] U_w1             1324.3187   unified y-target regressor, unmatched weight 1, best_iter 7,375 -> n_ref 9,220, mean over seeds [0, 1, 2], max(., 1)
[00:16:40 +  10697s] Ublend_w1        1048.6609   0.5 U_w1 + 0.5 pipeline
[00:16:40 +  10697s] U_w10            1221.8069   unified y-target regressor, unmatched weight 10, best_iter 23,621 -> n_ref 29,532, mean over seeds [0, 1, 2], max(., 1)
[00:16:40 +  10697s] Ublend_w10       1010.8799   0.5 U_w10 + 0.5 pipeline
[00:16:40 +  10697s] seed sd: 0.1454 s (sample sd, ddof=1)   2 x seed sd = 0.2908 s
[00:16:40 +  10697s] pair                       gain s         95% paired CI  excl 0  gain/sd  >2x sd  airports improving
[00:16:40 +  10697s] U_w1_vs_pipeline        -328.7212   [-551.7724, -111.8853]    True -2261.19   False         7 / 10     
[00:16:40 +  10697s] Ublend_w1_vs_pipeline    -53.0634   [-160.4435, +42.8245]   False  -365.01   False         9 / 10     
[00:16:40 +  10697s] U_w10_vs_pipeline       -226.2094   [-414.9744, -54.9450]    True -1556.04   False         8 / 10     
[00:16:40 +  10697s] Ublend_w10_vs_pipeline   -15.2824   [-103.7410, +64.6700]   False  -105.12   False         8 / 10     
[00:16:40 +  10697s] airport         n   pipeline       U_w1  Ublend_w1      U_w10 Ublend_w10        U_w1_vs_pipeline   Ublend_w1_vs_pipeline       U_w10_vs_pipeline  Ublend_w10_vs_pipeline
[00:16:40 +  10697s] EDDF          599     418.26     337.22     347.39     327.98     347.19             +81.04*                 +70.86*                 +90.28*                 +71.06*    
[00:16:40 +  10697s] EDDM          237     670.81     636.42     618.96     653.35     625.74             +34.39                  +51.85*                 +17.45                  +45.06*    
[00:16:40 +  10697s] EGLL          465    1089.88    1016.25    1027.99    1015.64    1036.10             +73.63*                 +61.89*                 +74.24*                 +53.78*    
[00:16:40 +  10697s] EHAM          807     542.97     410.11     442.00     421.67     446.02            +132.86*                +100.97*                +121.30*                 +96.96*    
[00:16:40 +  10697s] LEBL          496     362.08     332.52     318.01     329.22     314.54             +29.56                  +44.08*                 +32.86*                 +47.54*    
[00:16:40 +  10697s] LEMD          309     339.38     341.15     296.87     296.91     287.51              -1.77                  +42.51*                 +42.46                  +51.87*    
[00:16:40 +  10697s] LFPG          874     588.60     487.05     497.24     492.74     504.53            +101.55*                 +91.36*                 +95.86*                 +84.07*    
[00:16:40 +  10697s] LIRF          345    3026.43    4709.37    3489.58    4242.34    3301.79           -1682.93*                -463.15*               -1215.91*                -275.36     
[00:16:40 +  10697s] LSZH          476     690.81     772.63     681.40     863.76     712.13             -81.82                   +9.41                 -172.96*                 -21.32     
[00:16:40 +  10697s] LTFM          657     805.73     578.74     631.62     569.97     624.04            +226.99*                +174.10*                +235.75*                +181.68*    
[00:16:40 +  10697s]    (* = that airport's own paired interval excludes zero)
[00:16:40 +  10697s] ====================================================================================================
[00:16:40 +  10697s] TOTAL at the 2026 weights (w_m 0.984660, w_u 0.015340; stratified paired bootstrap):
[00:16:40 +  10697s]   pipeline         321.0042
[00:16:40 +  10697s]   U_w1             450.8045
[00:16:40 +  10697s]   Ublend_w1        354.5177
[00:16:40 +  10697s]   U_w10            454.8621
[00:16:40 +  10697s]   Ublend_w10       356.1916
[00:16:40 +  10697s]   U_w1_vs_pipeline             gain -129.8003 s   95% CI [-202.1439, -65.7332]   excludes 0: True
[00:16:40 +  10697s]   Ublend_w1_vs_pipeline        gain -33.5135 s   95% CI [-61.5936, -10.0049]   excludes 0: True
[00:16:40 +  10697s]   U_w10_vs_pipeline            gain -133.8579 s   95% CI [-213.1277, -64.9230]   excludes 0: True
[00:16:40 +  10697s]   Ublend_w10_vs_pipeline       gain -35.1874 s   95% CI [-66.5718,  -9.7118]   excludes 0: True
[00:16:40 +  10697s] ex-monster: 5,265 of the 5,321 unmatched holdout rows have y <= 10800 s; seed sd source: queue json
[00:16:40 +  10697s] NaN pattern on the unmatched rows: 13 AOBT_3-anchored columns ['proxy', 'aobt_sched', 'aobt_eobt', 'aobt_sec', 'q_apt_at_push', 'q_rwy_at_push', 'q_pushed_after_me', 'q_rwy_tko_in_taxi', 'q_rwy_push_pre20', 'q_arr_taxiing_at_push', 'q_arr_taxiin_sym30_push', 'q_next_arr_onblock_gap', 'd_prx_minus_p50'] + 10 *_flt-derived columns NaN, checked on every unmatched cache file
[00:16:40 +  10697s] |delta| bands (19.0; left-closed, right-open; over10 = 10to20 + gt20); RMSE per arm on the band's rows, paired gain vs pipeline with its 95% CI (* = excludes zero):
[00:16:40 +  10697s] band            n  rows%   SSE%   pipeline       U_w1  Ublend_w1      U_w10 Ublend_w10              U_w1_vs_pipeline         Ublend_w1_vs_pipeline             U_w10_vs_pipeline        Ublend_w10_vs_pipeline
[00:16:40 +  10697s] lt2       127,466  37.60   13.7     135.39     136.74     135.18     147.66     138.44      -1.35 [  -1.96,   -0.83]*      +0.21 [  -0.02,   +0.43]      -12.28 [ -15.08,   -9.82]*      -3.05 [  -3.88,   -2.30]*
[00:16:40 +  10697s] 2to10     185,229  54.64   37.8     186.59     263.38     208.82     275.47     212.83     -76.80 [-182.86,   -2.47]*     -22.23 [ -60.32,   -0.24]*     -88.88 [-196.46,  -12.32]*     -26.25 [ -65.49,   -2.95]*
[00:16:40 +  10697s] 10to20     20,667   6.10   17.4     378.78     381.50     378.33     387.09     379.09      -2.72 [  -4.10,   -1.35]*      +0.45 [  -0.21,   +1.09]       -8.31 [ -13.05,   -4.67]*      -0.31 [  -1.67,   +0.86] 
[00:16:40 +  10697s] gt20        5,653   1.67   31.1     968.21     968.07     961.23     980.63     963.19      +0.14 [  -9.89,   +9.02]       +6.98 [  +2.12,  +11.52]*     -12.43 [ -31.17,   +3.29]       +5.02 [  -1.62,  +11.02] 
[00:16:40 +  10697s] over10     26,320   7.76   48.5     560.36     561.75     557.53     569.39     558.66      -1.40 [  -5.16,   +2.02]       +2.83 [  +1.04,   +4.53]*      -9.03 [ -15.98,   -3.10]*      +1.70 [  -0.75,   +3.98] 
[00:16:40 +  10697s] json -> /Users/saurabhdxt/Projects/prc-challenge/reports/lgbm_fold_queue_allrows.json   wall 10697s   peak RSS 4.95 GB
