[11:09:51 +      0s] lgbm_fold v4  smoke=False  json=/Users/saurabhdxt/Projects/prc-challenge/reports/lgbm_fold_v4.json  log=/Users/saurabhdxt/Projects/prc-challenge/reports/lgbm_fold_v4.log  preds=/Users/saurabhdxt/Projects/prc-challenge/data/cache_stand/fold_v4_preds.parquet
[11:09:51 +      0s] command: cd ~/Projects/prc-challenge && PYTHONDONTWRITEBYTECODE=1 OMP_NUM_THREADS=1 nice -n 19 /usr/bin/time -l python3.11 -B -u scripts/lgbm_fold.py 2>&1 | tee reports/lgbm_fold_v4.console.log
[11:09:51 +      0s] estimate: full run ~1.4 h (range 1.2-2 h), peak RSS ~5 GB, 4 threads; writes reports/lgbm_fold_v4.json, reports/lgbm_fold_v4.log, data/cache_stand/fold_v4_preds.parquet. Arithmetic from reports/lgbm_submit_v3.log (ES 2.5e-8 s/row/iter, refit 2.2e-8 s/row/iter, predict 453 s for 30,846 trees x 339k rows): ES ~17.8k iters on 1.38M rows ~15 min incl. the stopping-set predict; 3 refits x (21,948 trees on 1.72M rows ~14 min + holdout predict ~5.5 min) ~58 min; per-airport 3 seeds x 10 airports at the share count ~8 min; bootstrap + writes ~2 min. With --pa-trees es add ~30 min (per-airport ES runs ~6 min, larger per-airport refits ~8 min per seed): ~1.9 h.
[11:09:51 +      0s] per-airport tree rule [es]: per-airport early stopping on the airport's own fit/ES rows (same ES months, seed 0); n_ref_a = max(50, int(best_iter_a * n_all_a / n_fit_a)); share floor 200 (real floor 200); row floor 20,000; blend 0.5; seeds [0, 1, 2]; ES seed 0; bootstrap 2,000 draws, seed 0
[11:09:52 +      1s] loaded 12 months (2,062,440 rows): holdout 339,015 (months (1, 7)), training 1,723,425 = fit 1,378,585 + early-stop 344,840 (months (3, 9)); airports ['EDDF', 'EDDM', 'EGLL', 'EHAM', 'LEBL', 'LEMD', 'LFPG', 'LIRF', 'LSZH', 'LTFM']; peak RSS 2.41 GB
[11:09:57 +      6s] design matrix 2,062,440 x 68 float32; holdout copy 92 MB; peak RSS 2.76 GB
[11:09:57 +      6s] early-stopping run (seed 0): fit 1,378,585 rows, stop on 344,840 rows (months (3, 9)), lr 0.01, max 50,000 rounds, patience 200
[11:09:58 +      7s]     iter      0  valid_0 rmse (delta) 374.765
[11:11:17 +     86s]     iter  1,000  valid_0 rmse (delta) 209.245
[11:12:20 +    149s]     iter  2,000  valid_0 rmse (delta) 205.601
[11:13:09 +    198s]     iter  3,000  valid_0 rmse (delta) 204.215
[11:13:52 +    241s]     iter  4,000  valid_0 rmse (delta) 203.444
[11:14:33 +    281s]     iter  5,000  valid_0 rmse (delta) 202.953
[11:15:12 +    321s]     iter  6,000  valid_0 rmse (delta) 202.616
[11:15:50 +    359s]     iter  7,000  valid_0 rmse (delta) 202.342
[11:16:28 +    397s]     iter  8,000  valid_0 rmse (delta) 202.136
[11:17:06 +    435s]     iter  9,000  valid_0 rmse (delta) 201.998
[11:17:43 +    472s]     iter 10,000  valid_0 rmse (delta) 201.861
[11:18:19 +    508s]     iter 11,000  valid_0 rmse (delta) 201.756
[11:18:54 +    543s]     iter 12,000  valid_0 rmse (delta) 201.674
[11:19:29 +    578s]     iter 13,000  valid_0 rmse (delta) 201.611
[11:20:03 +    612s]     iter 14,000  valid_0 rmse (delta) 201.555
[11:20:38 +    647s]     iter 15,000  valid_0 rmse (delta) 201.509
[11:21:13 +    682s]     iter 16,000  valid_0 rmse (delta) 201.459
[11:21:47 +    716s]     iter 17,000  valid_0 rmse (delta) 201.425
[11:28:02 +   1091s] best_iter 17,525   stopping-set RMSE (taxi-time) 201.01   proxy-only on the same rows 366.25   ratio 0.549   [stopping set, optimistic by construction; NOT a fold result]   peak RSS 3.36 GB
[11:28:02 +   1091s] n_ref 21,908: refit on all 1,723,425 training rows (best_iter 17,525 x 1.250), no early stopping
[11:43:53 +   2042s] refit seed 0 done: 21,908 trees on 1,723,425 rows in 951s   peak RSS 3.75 GB
[11:51:20 +   2489s] seed 0 alone: matched RMSE 226.3092 on 339,015 holdout rows   [1398s]
[11:51:20 +   2489s] A0 reproduction of lgbm_ab lgb_refit: got 226.3092 vs 226.2449 (diff +0.0642 s, tolerance 0.5 s) -> pass; best_iter 17,525 vs 17,557; n_ref 21,908 vs 21,948
[12:07:19 +   3448s] refit seed 1 done: 21,908 trees on 1,723,425 rows in 959s   peak RSS 4.17 GB
[12:14:44 +   3893s] seed 1 alone: matched RMSE 226.4894 on 339,015 holdout rows   [1404s]
[12:30:33 +   4842s] refit seed 2 done: 21,908 trees on 1,723,425 rows in 950s   peak RSS 4.25 GB
[12:38:02 +   5290s] seed 2 alone: matched RMSE 226.2017 on 339,015 holdout rows   [1398s]
[12:38:02 +   5290s]   per-airport EDDF: early stopping on its own rows
[12:38:02 +   5290s] early-stopping run (seed 0): fit 153,571 rows, stop on 38,383 rows (months (3, 9)), lr 0.01, max 50,000 rounds, patience 200
[12:38:02 +   5291s]     iter      0  valid_0 rmse (delta) 234.061
[12:38:23 +   5312s]     iter  1,000  valid_0 rmse (delta) 160.643
[12:38:43 +   5332s]     iter  2,000  valid_0 rmse (delta) 159.548
[12:39:00 +   5349s] best_iter 2,437   stopping-set RMSE (taxi-time) 159.32   proxy-only on the same rows 227.51   ratio 0.700   [stopping set, optimistic by construction; NOT a fold result]   peak RSS 4.25 GB
[12:39:00 +   5349s] n_ref 3,046: refit on all 191,954 training rows (best_iter 2,437 x 1.250), no early stopping
[12:42:21 +   5550s]   per-airport EDDF: 191,954 training rows, 3,046 trees (es) x 3 seed(s), 36,231 prediction rows, 201s
[12:42:21 +   5550s]   per-airport EDDM: early stopping on its own rows
[12:42:21 +   5550s] early-stopping run (seed 0): fit 111,167 rows, stop on 28,303 rows (months (3, 9)), lr 0.01, max 50,000 rounds, patience 200
[12:42:22 +   5550s]     iter      0  valid_0 rmse (delta) 298.042
[12:42:41 +   5570s]     iter  1,000  valid_0 rmse (delta) 157.121
[12:42:59 +   5588s]     iter  2,000  valid_0 rmse (delta) 155.503
[12:43:16 +   5605s]     iter  3,000  valid_0 rmse (delta) 155.200
[12:43:26 +   5615s] best_iter 3,003   stopping-set RMSE (taxi-time) 154.06   proxy-only on the same rows 294.29   ratio 0.523   [stopping set, optimistic by construction; NOT a fold result]   peak RSS 4.25 GB
[12:43:26 +   5615s] n_ref 3,767: refit on all 139,470 training rows (best_iter 3,003 x 1.255), no early stopping
[12:47:15 +   5844s]   per-airport EDDM: 139,470 training rows, 3,767 trees (es) x 3 seed(s), 26,854 prediction rows, 229s
[12:47:15 +   5844s]   per-airport EGLL: early stopping on its own rows
[12:47:15 +   5844s] early-stopping run (seed 0): fit 159,294 rows, stop on 39,094 rows (months (3, 9)), lr 0.01, max 50,000 rounds, patience 200
[12:47:15 +   5844s]     iter      0  valid_0 rmse (delta) 416.689
[12:47:37 +   5866s]     iter  1,000  valid_0 rmse (delta) 216.979
[12:47:59 +   5888s] best_iter 1,762   stopping-set RMSE (taxi-time) 216.17   proxy-only on the same rows 415.79   ratio 0.520   [stopping set, optimistic by construction; NOT a fold result]   peak RSS 4.25 GB
[12:47:59 +   5888s] n_ref 2,194: refit on all 198,388 training rows (best_iter 1,762 x 1.245), no early stopping
[12:50:28 +   6037s]   per-airport EGLL: 198,388 training rows, 2,194 trees (es) x 3 seed(s), 39,744 prediction rows, 149s
[12:50:28 +   6037s]   per-airport EHAM: early stopping on its own rows
[12:50:28 +   6037s] early-stopping run (seed 0): fit 162,833 rows, stop on 40,891 rows (months (3, 9)), lr 0.01, max 50,000 rounds, patience 200
[12:50:29 +   6037s]     iter      0  valid_0 rmse (delta) 311.951
[12:50:50 +   6059s]     iter  1,000  valid_0 rmse (delta) 175.772
[12:51:08 +   6077s]     iter  2,000  valid_0 rmse (delta) 171.815
[12:51:25 +   6094s]     iter  3,000  valid_0 rmse (delta) 170.745
[12:51:42 +   6111s]     iter  4,000  valid_0 rmse (delta) 170.284
[12:51:59 +   6127s]     iter  5,000  valid_0 rmse (delta) 170.117
[12:52:19 +   6148s] best_iter 5,311   stopping-set RMSE (taxi-time) 165.77   proxy-only on the same rows 281.20   ratio 0.590   [stopping set, optimistic by construction; NOT a fold result]   peak RSS 4.25 GB
[12:52:19 +   6148s] n_ref 6,644: refit on all 203,724 training rows (best_iter 5,311 x 1.251), no early stopping
[12:58:58 +   6547s]   per-airport EHAM: 203,724 training rows, 6,644 trees (es) x 3 seed(s), 40,141 prediction rows, 399s
[12:58:58 +   6547s]   per-airport LEBL: early stopping on its own rows
[12:58:58 +   6547s] early-stopping run (seed 0): fit 119,372 rows, stop on 29,977 rows (months (3, 9)), lr 0.01, max 50,000 rounds, patience 200
[12:58:58 +   6547s]     iter      0  valid_0 rmse (delta) 314.691
[12:59:18 +   6566s]     iter  1,000  valid_0 rmse (delta) 210.209
[12:59:35 +   6584s]     iter  2,000  valid_0 rmse (delta) 209.815
[12:59:45 +   6594s] best_iter 2,160   stopping-set RMSE (taxi-time) 207.85   proxy-only on the same rows 309.42   ratio 0.672   [stopping set, optimistic by construction; NOT a fold result]   peak RSS 4.25 GB
[12:59:45 +   6594s] n_ref 2,702: refit on all 149,349 training rows (best_iter 2,160 x 1.251), no early stopping
[13:02:21 +   6749s]   per-airport LEBL: 149,349 training rows, 2,702 trees (es) x 3 seed(s), 28,489 prediction rows, 156s
[13:02:21 +   6749s]   per-airport LEMD: early stopping on its own rows
[13:02:21 +   6749s] early-stopping run (seed 0): fit 141,188 rows, stop on 35,088 rows (months (3, 9)), lr 0.01, max 50,000 rounds, patience 200
[13:02:21 +   6750s]     iter      0  valid_0 rmse (delta) 296.957
[13:02:41 +   6770s]     iter  1,000  valid_0 rmse (delta) 182.941
[13:02:59 +   6787s]     iter  2,000  valid_0 rmse (delta) 181.153
[13:03:16 +   6805s]     iter  3,000  valid_0 rmse (delta) 180.608
[13:03:33 +   6821s]     iter  4,000  valid_0 rmse (delta) 180.502
[13:03:46 +   6834s] best_iter 4,070   stopping-set RMSE (taxi-time) 178.78   proxy-only on the same rows 282.70   ratio 0.632   [stopping set, optimistic by construction; NOT a fold result]   peak RSS 4.25 GB
[13:03:46 +   6834s] n_ref 5,081: refit on all 176,276 training rows (best_iter 4,070 x 1.249), no early stopping
[13:08:42 +   7131s]   per-airport LEMD: 176,276 training rows, 5,081 trees (es) x 3 seed(s), 35,019 prediction rows, 296s
[13:08:42 +   7131s]   per-airport LFPG: early stopping on its own rows
[13:08:42 +   7131s] early-stopping run (seed 0): fit 157,489 rows, stop on 39,523 rows (months (3, 9)), lr 0.01, max 50,000 rounds, patience 200
[13:08:42 +   7131s]     iter      0  valid_0 rmse (delta) 368.684
[13:09:03 +   7152s]     iter  1,000  valid_0 rmse (delta) 225.186
[13:09:22 +   7171s]     iter  2,000  valid_0 rmse (delta) 222.111
[13:09:40 +   7189s]     iter  3,000  valid_0 rmse (delta) 221.198
[13:09:58 +   7207s]     iter  4,000  valid_0 rmse (delta) 220.873
[13:10:25 +   7233s] best_iter 4,673   stopping-set RMSE (taxi-time) 218.34   proxy-only on the same rows 348.62   ratio 0.626   [stopping set, optimistic by construction; NOT a fold result]   peak RSS 4.25 GB
[13:10:25 +   7233s] n_ref 5,845: refit on all 197,012 training rows (best_iter 4,673 x 1.251), no early stopping
[13:16:32 +   7601s]   per-airport LFPG: 197,012 training rows, 5,845 trees (es) x 3 seed(s), 38,713 prediction rows, 367s
[13:16:32 +   7601s]   per-airport LIRF: early stopping on its own rows
[13:16:32 +   7601s] early-stopping run (seed 0): fit 106,101 rows, stop on 26,984 rows (months (3, 9)), lr 0.01, max 50,000 rounds, patience 200
[13:16:32 +   7601s]     iter      0  valid_0 rmse (delta) 477.026
[13:16:50 +   7619s]     iter  1,000  valid_0 rmse (delta) 326.029
[13:17:07 +   7636s]     iter  2,000  valid_0 rmse (delta) 324.156
[13:17:19 +   7647s] best_iter 2,245   stopping-set RMSE (taxi-time) 322.39   proxy-only on the same rows 476.21   ratio 0.677   [stopping set, optimistic by construction; NOT a fold result]   peak RSS 4.25 GB
[13:17:19 +   7647s] n_ref 2,815: refit on all 133,085 training rows (best_iter 2,245 x 1.254), no early stopping
[13:19:58 +   7807s]   per-airport LIRF: 133,085 training rows, 2,815 trees (es) x 3 seed(s), 26,131 prediction rows, 160s
[13:19:58 +   7807s]   per-airport LSZH: early stopping on its own rows
[13:19:58 +   7807s] early-stopping run (seed 0): fit 88,478 rows, stop on 22,251 rows (months (3, 9)), lr 0.01, max 50,000 rounds, patience 200
[13:19:59 +   7807s]     iter      0  valid_0 rmse (delta) 243.036
[13:20:17 +   7826s]     iter  1,000  valid_0 rmse (delta) 156.226
[13:20:33 +   7842s]     iter  2,000  valid_0 rmse (delta) 155.582
[13:20:50 +   7859s] best_iter 2,621   stopping-set RMSE (taxi-time) 154.22   proxy-only on the same rows 235.79   ratio 0.654   [stopping set, optimistic by construction; NOT a fold result]   peak RSS 4.25 GB
[13:20:51 +   7859s] n_ref 3,280: refit on all 110,729 training rows (best_iter 2,621 x 1.251), no early stopping
[13:23:51 +   8040s]   per-airport LSZH: 110,729 training rows, 3,280 trees (es) x 3 seed(s), 21,811 prediction rows, 181s
[13:23:51 +   8040s]   per-airport LTFM: early stopping on its own rows
[13:23:51 +   8040s] early-stopping run (seed 0): fit 179,092 rows, stop on 44,346 rows (months (3, 9)), lr 0.01, max 50,000 rounds, patience 200
[13:23:51 +   8040s]     iter      0  valid_0 rmse (delta) 442.119
[13:24:14 +   8063s]     iter  1,000  valid_0 rmse (delta) 214.272
[13:24:34 +   8082s]     iter  2,000  valid_0 rmse (delta) 213.429
[13:24:49 +   8097s] best_iter 2,330   stopping-set RMSE (taxi-time) 211.62   proxy-only on the same rows 433.21   ratio 0.488   [stopping set, optimistic by construction; NOT a fold result]   peak RSS 4.25 GB
[13:24:49 +   8097s] n_ref 2,906: refit on all 223,438 training rows (best_iter 2,330 x 1.248), no early stopping
[13:27:57 +   8286s]   per-airport LTFM: 223,438 training rows, 2,906 trees (es) x 3 seed(s), 45,882 prediction rows, 189s
[13:27:58 +   8286s] per-airport: 10/10 airports fitted, 339,015 holdout rows blended, 0 keep A2   [2996s]; predictions -> /Users/saurabhdxt/Projects/prc-challenge/data/cache_stand/fold_v4_preds.parquet
[13:28:13 +   8301s] ====================================================================================================
[13:28:13 +   8301s] FOLD A, matched rows (339,015), holdout months (1, 7)   n_ref 21,908 (best_iter 17,525)
[13:28:13 +   8301s] ====================================================================================================
[13:28:13 +   8301s] arm     matched RMSE   definition
[13:28:13 +   8301s] A0          226.3092   seed 0 alone (lgbm_ab's lgb_refit procedure)
[13:28:13 +   8301s] A1a         226.4894   seed 1 alone
[13:28:13 +   8301s] A1b         226.2017   seed 2 alone
[13:28:13 +   8301s] A2          225.8254   mean of seeds 0, 1, 2
[13:28:13 +   8301s] A3          225.3883   A2 blended 0.5/0.5 with the per-airport model (mean over seeds 0, 1, 2) at airports with >= 20,000 training rows; A2 elsewhere
[13:28:13 +   8301s] seed sd over A0/A1a/A1b: 0.1454 s (sample sd, ddof=1)   2 x seed sd = 0.2908 s
[13:28:13 +   8301s] pair         gain s         95% paired CI  excl 0  gain/sd  >2x sd  airports improving
[13:28:13 +   8301s] A2_vs_A0    +0.4838   [ +0.3207,  +0.6517]    True     3.33    True        10 / 10     
[13:28:13 +   8301s] A3_vs_A2    +0.4372   [ -0.1573,  +1.0453]   False     3.01    True         8 / 10     
[13:28:13 +   8301s] A3_vs_A0    +0.9209   [ +0.3035,  +1.5439]    True     6.33    True         8 / 10     
[13:28:13 +   8301s] airport         n         A0        A1a        A1b         A2         A3      A2_vs_A0      A3_vs_A2      A3_vs_A0
[13:28:13 +   8301s] EDDF       36,231     181.16     181.44     181.38     181.01     179.60    +0.15         +1.41*        +1.56*    
[13:28:13 +   8301s] EDDM       26,854     169.29     168.52     168.94     168.47     167.14    +0.82*        +1.33         +2.15*    
[13:28:13 +   8301s] EGLL       39,744     230.85     231.75     230.15     230.07     229.75    +0.78*        +0.31         +1.09     
[13:28:13 +   8301s] EHAM       40,141     164.91     165.02     164.81     164.44     163.35    +0.46*        +1.09         +1.56*    
[13:28:13 +   8301s] LEBL       28,489     222.03     221.99     221.49     221.49     221.19    +0.54*        +0.29         +0.83*    
[13:28:13 +   8301s] LEMD       35,019     176.77     176.60     176.20     176.21     174.32    +0.56*        +1.89*        +2.45*    
[13:28:13 +   8301s] LFPG       38,713     246.68     247.01     246.74     246.27     244.12    +0.41*        +2.16         +2.57*    
[13:28:13 +   8301s] LIRF       26,131     383.87     384.05     384.35     383.32     386.03    +0.55         -2.70*        -2.16     
[13:28:13 +   8301s] LSZH       21,811     176.96     176.74     177.13     176.65     178.40    +0.31         -1.76         -1.45     
[13:28:13 +   8301s] LTFM       45,882     247.33     247.65     247.31     246.92     246.18    +0.41*        +0.73*        +1.14*    
[13:28:13 +   8301s]    (* = that airport's own paired interval excludes zero)
[13:28:13 +   8301s] floor-bind rate per arm: A0 0.007%, A1a 0.007%, A1b 0.007%, A2 0.007%, A3 0.009%
[13:28:13 +   8301s] json -> /Users/saurabhdxt/Projects/prc-challenge/reports/lgbm_fold_v4.json   wall 8301s   peak RSS 4.25 GB
