[08:38:37 +      0s] version 3  smoke=False  out=/Users/saurabhdxt/Projects/prc-challenge/submissions/merry-quicksand_v3.parquet  booster=/Users/saurabhdxt/Projects/prc-challenge/data/cache_stand/lgbm_v3.txt
[08:38:38 +      1s] loaded 12 training months (2,062,440 rows) + ranking (339,551 rows); peak RSS 2.86 GB
[08:38:44 +      7s] design matrix 2,401,991 x 68 float32 (0.65 GB); peak RSS 3.38 GB
[08:38:44 +      7s] early-stopping run: fit 1,717,600 rows, stop on 344,840 rows (months (3, 9)), lr 0.01, max 50,000 rounds, patience 200
[08:38:45 +      8s]     iter      0  valid_0 rmse (delta) 374.719
[08:40:11 +     93s]     iter  1,000  valid_0 rmse (delta) 208.126
[08:41:24 +    166s]     iter  2,000  valid_0 rmse (delta) 204.362
[08:42:20 +    223s]     iter  3,000  valid_0 rmse (delta) 202.994
[08:43:08 +    271s]     iter  4,000  valid_0 rmse (delta) 202.208
[08:43:53 +    316s]     iter  5,000  valid_0 rmse (delta) 201.709
[08:44:37 +    360s]     iter  6,000  valid_0 rmse (delta) 201.318
[08:45:19 +    402s]     iter  7,000  valid_0 rmse (delta) 201.024
[08:46:00 +    443s]     iter  8,000  valid_0 rmse (delta) 200.811
[08:46:41 +    483s]     iter  9,000  valid_0 rmse (delta) 200.644
[08:47:20 +    523s]     iter 10,000  valid_0 rmse (delta) 200.503
[08:48:01 +    563s]     iter 11,000  valid_0 rmse (delta) 200.380
[08:48:40 +    602s]     iter 12,000  valid_0 rmse (delta) 200.286
[08:49:18 +    641s]     iter 13,000  valid_0 rmse (delta) 200.212
[08:49:56 +    679s]     iter 14,000  valid_0 rmse (delta) 200.147
[08:50:34 +    717s]     iter 15,000  valid_0 rmse (delta) 200.085
[08:51:12 +    754s]     iter 16,000  valid_0 rmse (delta) 200.039
[08:51:49 +    792s]     iter 17,000  valid_0 rmse (delta) 199.993
[08:52:27 +    830s]     iter 18,000  valid_0 rmse (delta) 199.956
[08:53:05 +    867s]     iter 19,000  valid_0 rmse (delta) 199.924
[08:53:42 +    905s]     iter 20,000  valid_0 rmse (delta) 199.895
[08:54:19 +    942s]     iter 21,000  valid_0 rmse (delta) 199.865
[08:54:55 +    978s]     iter 22,000  valid_0 rmse (delta) 199.843
[08:55:32 +   1014s]     iter 23,000  valid_0 rmse (delta) 199.826
