[00:35:34 +      0s] SMOKE — code path only, NOT a result
[00:35:34 +      0s] lgbm_fold [queue_day]  smoke=True  json=/var/folders/hq/vl8hk8_n0vq50t1y2f0kjzzw0000gn/T/lgbm_fold_queue_day_smoke_ec9ftf_9/lgbm_fold_queue_day.json  log=/var/folders/hq/vl8hk8_n0vq50t1y2f0kjzzw0000gn/T/lgbm_fold_queue_day_smoke_ec9ftf_9/lgbm_fold_queue_day.log  preds=/var/folders/hq/vl8hk8_n0vq50t1y2f0kjzzw0000gn/T/lgbm_fold_queue_day_smoke_ec9ftf_9/fold_preds_queue_day.parquet
[00:35:34 +      0s] command: cd ~/Projects/prc-challenge && PYTHONDONTWRITEBYTECODE=1 OMP_NUM_THREADS=1 nice -n 19 /usr/bin/time -l python3.11 -B -u scripts/lgbm_fold.py --dayfeats --queue --baseline A2 --pa-trees es 2>&1 | tee reports/lgbm_fold_queue_day.console.log
[00:35:34 +      0s] estimate: ~2.0 h (range 1.6-2.6 h), peak RSS ~5 GB (the queue fold's 4.8 GB + 9 float32 columns), 4 threads; run ALONE. x1.3 for 89 columns: load + the two joins ~3 min; ES ~20 min; 3 refits ~19 min + predict ~6 min each (~75 min); bootstrap ~3 min. The baseline is READ from the queue record (fold_preds_queue.parquet's treatment column; no refit). Writes reports/lgbm_fold_queue_day.{json,log} and data/cache_stand/fold_preds_queue_day.parquet.
[00:35:34 +      0s] Amendment 19.1 arm D: baseline = A2 + QUEUE_FEATS over seeds [0, 1, 2] (80 features, the queue record); treatment = baseline + 9 DAY_FEATS (89 features), best_iter re-found; per-airport rule [es] per-airport early stopping on the airport's own fit/ES rows (same ES months, seed 0); n_ref_a = max(50, int(best_iter_a * n_all_a / n_fit_a)) (A3 only); bootstrap 200 draws seed 0; bands ['lt2', '2to10', '10to20', 'gt20'] + over10 (|delta| >= 600 s); 19.3 needs >= 6 of 10 airports
[00:35:34 +      0s] baseline: fitted in-process (--refit-baseline, or a smoke without a record)
[00:35:35 +      0s] queue block: 12 columns joined POSITIONALLY onto 3 months from /Users/saurabhdxt/Projects/prc-challenge/data/cache_queue (row counts asserted per month; the order is the v6 builder's, proven on March both ways)
[00:35:35 +      0s] day block: 9 columns joined POSITIONALLY onto 3 months from /Users/saurabhdxt/Projects/prc-challenge/data/cache_day (row counts asserted per month; the order is build_features's, tests/test_day_features.py)
[00:35:35 +      0s] loaded 3 months (458,222 rows): holdout (months (1, 7)) 152,250; training 305,972; fit 142,611; early-stop 163,361; airports ['EDDF', 'EDDM', 'EGLL', 'EHAM', 'LEBL', 'LEMD', 'LFPG', 'LIRF', 'LSZH', 'LTFM']; peak RSS 0.87 GB
[00:35:36 +      1s] design matrix 458,222 x 89 float32 (0.16 GB); peak RSS 0.97 GB
[00:35:36 +      1s] [baseline] early stopping on 80 features, target delta
[00:35:36 +      1s] early-stopping run (seed 0, target delta): fit 142,611 rows, stop on 163,361 rows (months (3, 9)), lr 0.05, max 60 rounds, patience 50
[00:35:36 +      2s]     iter      0  valid_0 rmse (delta) 338.335
[00:35:38 +      3s] best_iter 60   stopping-set RMSE (taxi-time) 219.00   proxy-only on the 163,361 rows with a proxy 342.14   ratio 0.640   [stopping set, optimistic by construction; NOT a fold result]   peak RSS 1.20 GB
[00:35:38 +      4s] n_ref 128: refit on all 305,972 training rows (best_iter 60 x 2.146), no early stopping
[00:35:42 +      7s] refit seed 0 done: 128 trees on 305,972 rows in 4s   peak RSS 1.24 GB
[00:35:42 +      8s] [baseline] seed 0 alone: matched RMSE 220.0773 on 152,250 holdout rows   [4s]
[00:35:46 +     12s] refit seed 1 done: 128 trees on 305,972 rows in 4s   peak RSS 1.24 GB
[00:35:47 +     12s] [baseline] seed 1 alone: matched RMSE 219.6290 on 152,250 holdout rows   [4s]
[00:35:51 +     16s] refit seed 2 done: 128 trees on 305,972 rows in 4s   peak RSS 1.24 GB
[00:35:51 +     17s] [baseline] seed 2 alone: matched RMSE 219.5358 on 152,250 holdout rows   [4s]
[00:35:51 +     17s] [baseline] A2 fitted in-process over seeds [0, 1, 2]; seed sd 0.2895 s from its single seeds
[00:35:51 +     17s] [treatment] early stopping on 89 features, target delta
[00:35:51 +     17s] early-stopping run (seed 0, target delta): fit 142,611 rows, stop on 163,361 rows (months (3, 9)), lr 0.05, max 60 rounds, patience 50
[00:35:52 +     17s]     iter      0  valid_0 rmse (delta) 338.718
[00:35:53 +     19s] best_iter 60   stopping-set RMSE (taxi-time) 219.00   proxy-only on the 163,361 rows with a proxy 342.14   ratio 0.640   [stopping set, optimistic by construction; NOT a fold result]   peak RSS 1.32 GB
[00:35:53 +     19s] n_ref 128: refit on all 305,972 training rows (best_iter 60 x 2.146), no early stopping
[00:35:58 +     24s] refit seed 0 done: 128 trees on 305,972 rows in 5s   peak RSS 1.34 GB
[00:35:59 +     24s] [treatment] seed 0 alone: matched RMSE 221.2527 on 152,250 holdout rows   [5s]
[00:36:04 +     29s] refit seed 1 done: 128 trees on 305,972 rows in 5s   peak RSS 1.34 GB
[00:36:04 +     30s] [treatment] seed 1 alone: matched RMSE 221.3854 on 152,250 holdout rows   [6s]
[00:36:10 +     35s] refit seed 2 done: 128 trees on 305,972 rows in 5s   peak RSS 1.34 GB
[00:36:10 +     36s] [treatment] seed 2 alone: matched RMSE 220.7064 on 152,250 holdout rows   [6s]
[00:36:12 +     37s] ====================================================================================================
[00:36:12 +     37s] AMENDMENT 19.1 ARM D [queue_day], fold A matched rows (152,250), holdout months (1, 7)   SMOKE — code path only, NOT a result
[00:36:12 +     37s] ====================================================================================================
[00:36:12 +     37s] arm          matched RMSE   definition
[00:36:12 +     37s] baseline         218.7725   A2 + QUEUE_FEATS over seeds [0, 1, 2] (in-process)
[00:36:12 +     37s] treatment        220.1748   baseline + DAY_FEATS, best_iter 60 -> n_ref 128
[00:36:12 +     37s] seed sd: 0.2895 s (sample sd, ddof=1)   2 x seed sd = 0.5790 s
[00:36:12 +     37s] pair                      gain s         95% paired CI  excl 0  gain/sd  >2x sd  airports improving
[00:36:12 +     37s] treatment_vs_baseline    -1.4023   [ -1.9156,  -0.9241]    True    -4.84   False         1 / 10     
[00:36:12 +     37s] airport         n   baseline  treatment  treatment_vs_baseline
[00:36:12 +     37s] EDDF       15,332     185.13     186.23             -1.11*    
[00:36:12 +     37s] EDDM       11,201     192.18     195.38             -3.20*    
[00:36:12 +     37s] EGLL       19,292     247.39     249.51             -2.11*    
[00:36:12 +     37s] EHAM       18,167     177.54     179.16             -1.62*    
[00:36:12 +     37s] LEBL       12,167     151.72     151.82             -0.10     
[00:36:12 +     37s] LEMD       16,478     176.47     176.20             +0.27     
[00:36:12 +     37s] LFPG       17,670     272.49     275.32             -2.82*    
[00:36:12 +     37s] LIRF       11,257     299.87     301.53             -1.65*    
[00:36:12 +     37s] LSZH        9,550     183.23     184.18             -0.94     
[00:36:12 +     37s] LTFM       21,136     233.88     234.10             -0.21     
[00:36:12 +     37s]    (* = that airport's own paired interval excludes zero)
[00:36:12 +     37s] seed sd source: baseline single seeds (in-process)   treatment's own seed sd: 0.3599 s
[00:36:12 +     37s] airports improving 1 / 10 (>= 6: False)
[00:36:12 +     37s] |delta| bands (19.0; left-closed, right-open; over10 = 10to20 + gt20); RMSE per arm on the band's rows, paired gain vs baseline with its 95% CI (* = excludes zero):
[00:36:12 +     37s] band            n  rows%   SSE%   baseline  treatment         treatment_vs_baseline
[00:36:12 +     37s] lt2        57,520  37.78   13.3     129.59     130.72      -1.14 [  -1.71,   -0.56]*
[00:36:12 +     37s] 2to10      84,046  55.20   41.9     190.54     191.88      -1.35 [  -1.79,   -0.89]*
[00:36:12 +     37s] 10to20      8,948   5.88   18.6     389.10     389.84      -0.74 [  -2.21,   +0.50] 
[00:36:12 +     37s] gt20        1,736   1.14   26.3    1050.32    1058.03      -7.70 [ -14.17,   +0.84] 
[00:36:12 +     37s] over10     10,684   7.02   44.9     553.22     556.03      -2.82 [  -4.98,   -0.50]*
[00:36:12 +     37s] over10 (the |delta| > 10 min bands of 19.3): gain -2.82 s, paired CI [-4.98, -0.50]
[00:36:12 +     37s] json -> /var/folders/hq/vl8hk8_n0vq50t1y2f0kjzzw0000gn/T/lgbm_fold_queue_day_smoke_ec9ftf_9/lgbm_fold_queue_day.json   wall 37s   peak RSS 1.34 GB
[00:36:12 +     37s] SMOKE — code path only, NOT a result
