2025 joined scored rows 127,736; 2026 joined rows 166,999
K0 {"EDDM": {"auc": 0.508657600390588, "ess_frac": 0.9870059457401319, "G_even": 15307.356893646464, "ci_even": [11808.691552329328, 18544.09800981789], "Gw_even": 15985.883887899497, "rule": "PASS"}, "EDDF": {"auc": 0.49941115758909493, "ess_frac": 0.98607831595895, "G_even": 15347.008976980725, "ci_even": [12095.275048051019, 18831.377606311868], "Gw_even": 15659.570316545218, "rule": "PASS"}, "LEBL": {"auc": 0.5119454673444424, "ess_frac": 0.9802424472137725, "G_even": 12271.515225044792, "ci_even": [10229.968230529752, 14514.824223867283], "Gw_even": 11907.804287375639, "rule": "PASS"}, "LSZH": {"auc": 0.5019285094238085, "ess_frac": 0.9869521450873955, "G_even": 12914.357542430858, "ci_even": [10372.22387666539, 16593.4262699304], "Gw_even": 13118.781588989992, "rule": "PASS"}, "overall": "PASS"}
K+ {"G": 14025.57555746158, "G_true": 14979.981137426386, "Gw": 14882.85398644936, "planted_change": 954.4055799648067, "rule": "PASS"}
EDDM {"n25": 13976, "n26": 20872, "auc": 0.5563458965437766, "ess": 13231.352625894442, "ess_frac": 0.9467195639592474, "G": 18674.660591235166, "Gw": 19698.3525579074, "ci_Gw": [15409.67049092872, 24689.950134775692], "ratio": 1.0548171658419698, "V1": true, "C1": true, "C2": true, "decision": "SHIP"}
EDDF {"n25": 18403, "n26": 15019, "auc": 0.6588551583325288, "ess": 11511.264121606617, "ess_frac": 0.6255101951641915, "G": 14092.307394362098, "Gw": 16120.782378777492, "ci_Gw": [13545.326071589403, 18803.249420729444], "ratio": 1.143942005212498, "V1": true, "C1": true, "C2": true, "decision": "SHIP"}
LEBL {"n25": 22049, "n26": 22463, "auc": 0.6165928158694884, "ess": 18605.025544717046, "ess_frac": 0.8438035985630662, "G": 11305.460170081758, "Gw": 14135.58266622582, "ci_Gw": [12041.18744348471, 16403.10939996446], "ratio": 1.2503323574243856, "V1": true, "C1": true, "C2": true, "decision": "SHIP"}
LSZH {"n25": 15011, "n26": 17022, "auc": 0.6401728948686758, "ess": 12084.759069748106, "ess_frac": 0.8050602271499638, "G": 14310.096393259022, "Gw": 15599.466847842803, "ci_Gw": [13223.649472126694, 18592.544966720798], "ratio": 1.0901021501987336, "V1": true, "C1": true, "C2": true, "decision": "SHIP"}
EHAM {"n25": 28540, "n26": 27176, "auc": 0.5965220829975086, "ess": 25496.84975896357, "ess_frac": 0.8933724512601111, "G": 13621.01522173052, "Gw": 15763.673584669545, "ci_Gw": [13779.698221665964, 18040.100530048632], "ratio": 1.1573053350326412, "V1": true, "C1": true, "C2": true, "decision": "SHIP"}
EGLL {"n25": 11602, "n26": 30641, "auc": 0.7757740994757867, "ess": 5217.043921165923, "ess_frac": 0.44966763671487014, "G": 14558.741792255089, "Gw": 21059.86671191966, "ci_Gw": [15537.433348319519, 27981.594419889378], "ratio": 1.4465444206945837, "V1": true, "C1": true, "C2": true, "decision": "SHIP"}
LEMD {"n25": 4621, "n26": 23893, "auc": 0.7362077853897299, "ess": 2141.7265419615032, "ess_frac": 0.4634768539193904, "G": 15800.367034777593, "Gw": 10579.917629277901, "ci_Gw": [7910.419266895806, 14303.333798082193], "ratio": 0.6695994849987246, "V1": true, "C1": true, "C2": true, "decision": "SHIP"}
LFPG {"n25": 1982, "n26": 4632, "auc": 0.6449217939869882, "ess": 1537.740168216676, "ess_frac": 0.7758527589387871, "G": 7295.126209679212, "Gw": 10127.810299681516, "ci_Gw": [5074.873258761482, 15560.639286121024], "ratio": 1.3882981607972573, "V1": true, "C1": true, "C2": true, "decision": "SHIP"}
harness PASS; ship from D: ['EDDF', 'EDDM', 'LEBL', 'LSZH']; final gate ['EDDF', 'EDDM', 'EGLL', 'EHAM', 'LEBL', 'LEMD', 'LFPG', 'LSZH', 'LTFM']
        9.91 real        11.94 user         6.02 sys
           367476736  maximum resident set size
                   0  average shared memory size
                   0  average unshared data size
                   0  average unshared stack size
               83837  page reclaims
                3873  page faults
                   0  swaps
                   0  block input operations
                   0  block output operations
                   0  messages sent
                   0  messages received
                   0  signals received
                1652  voluntary context switches
             2214529  involuntary context switches
        161467983615  instructions retired
         74189349549  cycles elapsed
           285230016  peak memory footprint
