[06:05:22 +      0s] unm_physics score  smoke=False  prereg=plans/PREREG_unm_physics_2026_09_11.md  paths={'lomo': '/Users/saurabhdxt/Projects/prc-challenge/data/cache_stand/unm_physics_lomo.parquet', 'json': '/Users/saurabhdxt/Projects/prc-challenge/reports/unm_physics.json', 'lomo_log': '/Users/saurabhdxt/Projects/prc-challenge/reports/unm_physics_lomo.log', 'score_log': '/Users/saurabhdxt/Projects/prc-challenge/reports/unm_physics_score.log'}
[06:05:22 +      0s] ranking: 344,841 DEP rows, 339,551 matched; template 344,841
[06:05:22 +      1s] 2026 witness: 4,907 scored non-LIRF unmatched rows, bins {'NaN': 117, '<900': 1692, '900-1100': 1207, '1100-1300': 937, '1300-1500': 443, '1500-2000': 279, '2000-2400': 47, '>=2400': 185} (cross-check: equal to data/cache_stand/unm_congestion_2026_witness.parquet)
[06:05:22 +      1s] === E5 on the non-LIRF LOMO rows: n=20,731, sum g +450,205,169 s^2 (g = SE(S1C) - SE(E5)) ===
[06:05:22 +      1s]   RMSE pooled S1C 1104.75 E5w 1103.90 E5 1094.87 gain +9.87 s; ex-monster S1C 581.53 E5 564.42 gain +17.11 s
[06:05:22 +      1s]   dropped inputs: none
[06:05:22 +      1s]   C1 date-block bootstrap (365 dates, 2000 draws, seed 0): sum g +450,205,169 95% [+209,824,997, +822,896,864]  passes True
[06:05:22 +      1s]   C2 EVENT-EXCLUDED 2026 price +207.8 board MSE (>= 300: False); dropped LTFM month 2 (sum g +184,258,717 on 364 rows); full price (reported) +307.7
[06:05:22 +      1s]   [event-excluded] NaN            313      +9186.7      +9186.7        NaN     117     +3.12
[06:05:22 +      1s]   [event-excluded] <900         8,843     +15846.4     +15846.4       <900   1,692    +77.75
[06:05:22 +      1s]   [event-excluded] 900-1100     4,879     +12792.5     +12792.5   900-1100   1,207    +44.78
[06:05:22 +      1s]   [event-excluded] 1100-1300    3,582      +5794.3      +5794.3  1100-1300     937    +15.74
[06:05:22 +      1s]   [event-excluded] 1300-1500    1,829     +14070.2     +14070.2  1300-1500     443    +18.08
[06:05:22 +      1s]   [event-excluded] 1500-2000      793      +8531.1      +8531.1  1500-2000     279     +6.90
[06:05:22 +      1s]   [event-excluded] 2000-2400       95     +54512.7     +54512.7  2000-2400      47     +7.43
[06:05:22 +      1s]   [event-excluded] >=2400          33     +63437.5     +63437.5     >=2400     185    +34.03
[06:05:22 +      1s]   [full] NaN            333    +405053.8    +405053.8        NaN     117   +137.43
[06:05:22 +      1s]   [full] <900         8,843     +15846.4     +15846.4       <900   1,692    +77.75
[06:05:22 +      1s]   [full] 900-1100     4,886     +12779.4     +12779.4   900-1100   1,207    +44.73
[06:05:22 +      1s]   [full] 1100-1300    3,663      +5947.7      +5947.7  1100-1300     937    +16.16
[06:05:22 +      1s]   [full] 1300-1500    1,886     +14161.1     +14161.1  1300-1500     443    +18.19
[06:05:22 +      1s]   [full] 1500-2000      819      +7416.7      +7416.7  1500-2000     279     +6.00
[06:05:22 +      1s]   [full] 2000-2400      203    +319061.2    +319061.2  2000-2400      47    +43.49
[06:05:22 +      1s]   [full] >=2400          98     -67195.4     -67195.4     >=2400     185    -36.05
[06:05:22 +      1s]   C3 months with sum g > 0: 12 of 12 (>= 8: True)
[06:05:22 +      1s]   C4 airports with sum g > 0: 8 of 9 (>= 6: True)
[06:05:22 +      1s]   C5 calm (hprox_med < 1100, n 13,729) sum g +202,569,427 >= -45,020,517: True
[06:05:22 +      1s]   C6 ex-monster (y <= 10800, n 20,725) sum g +406,452,350 > 0: True
[06:05:22 +      1s]   C7 pooled +450,205,169 vs 2 x seed sd 140,553,261 (per seed {'0': 358490242.354956, '1': 477739681.5672828, '2': 482543937.74501777}): True
[06:05:22 +      1s]   attribution (reported): sum g E5w +38,598,587 + physics increment +411,606,582 = E5 +450,205,169; weather share 0.08573554862395179
[06:05:22 +      1s]   [reported] E5w: sum g +38,598,587, C1 95% [-26,083,757, +107,447,882], event-excluded price -162.1, months 7, airports 7; would read NOT WORKING
[06:05:22 +      1s]   [reported] E5_fog15: sum g +444,195,412, C1 95% [+210,520,392, +793,174,760], event-excluded price +159.8, months 12, airports 8; would read INCONCLUSIVE
[06:05:22 +      1s]   [reported] E5_lt3: sum g +410,818,897, C1 95% [+186,699,750, +757,158,683], event-excluded price +183.9, months 11, airports 8; would read INCONCLUSIVE
[06:05:22 +      1s]   [reported] sensitivities: {'E5_fog15': {'sum_g_vs_S1C': 444195412.38306266, 'sum_se_E5_minus_variant': -6009756.52727133, 'n_rows_condition_differs': 20, 'sum_se_E5_minus_variant_on_those_rows': 366003.4508614886, 'rmse': 1095.0058977003896}, 'E5_lt3': {'sum_g_vs_S1C': 410818897.2952505, 'sum_se_E5_minus_variant': -39386271.61508353, 'n_rows_condition_differs': 98, 'sum_se_E5_minus_variant_on_those_rows': -13862048.447114922, 'rmse': 1095.7407982498783}}
[06:05:22 +      1s]   --- per_month ---  key                         n   mean y        sum g E5       sum g E5w       physics +      S1C       E5
[06:05:22 +      1s]                     1                       1,348     1151     +81,350,563      +3,678,670     +77,671,894   2837.7   2827.0
[06:05:22 +      1s]                     10                      1,787      978     +12,737,168      -1,520,107     +14,257,275    458.7    450.8
[06:05:22 +      1s]                     11                      1,295     1072     +25,955,392        -683,057     +26,638,449    495.6    475.0
[06:05:22 +      1s]                     12                      1,543     1069     +46,420,641     +28,039,253     +18,381,388    567.0    539.8
[06:05:22 +      1s]                     2                       1,025     1744    +192,936,684     +11,947,086    +180,989,598   1653.1   1595.1
[06:05:22 +      1s]                     3                       1,001      894     +12,114,166      +3,244,894      +8,869,272    489.2    476.7
[06:05:22 +      1s]                     4                         994      824        +103,601        +175,635         -72,034    388.6    388.4
[06:05:22 +      1s]                     5                       1,492      994     +12,010,827     +11,921,437         +89,390   2275.9   2274.2
[06:05:22 +      1s]                     6                       2,285      921     +20,043,517      -3,185,755     +23,229,272    440.0    429.9
[06:05:22 +      1s]                     7                       3,576     1059     +19,357,954     -18,101,183     +37,459,138    586.1    581.5
[06:05:22 +      1s]                     8                       2,100      939     +11,703,197      -1,382,006     +13,085,204    397.3    390.2
[06:05:22 +      1s]                     9                       2,285      966     +15,471,458      +4,463,721     +11,007,737    383.1    374.2
[06:05:22 +      1s]   --- per_airport ---  key                         n   mean y        sum g E5       sum g E5w       physics +      S1C       E5
[06:05:22 +      1s]                       EDDF                    1,956      975     +21,829,306        +299,704     +21,529,602    356.8    340.8
[06:05:22 +      1s]                       EDDM                    1,010     1036     +38,707,847     +21,922,430     +16,785,417    622.2    590.6
[06:05:22 +      1s]                       EGLL                    1,414     1568      -1,703,122     -18,758,773     +17,055,651    898.9    899.5
[06:05:22 +      1s]                       EHAM                    4,083      600     +28,332,065     +24,153,095      +4,178,970    350.5    340.5
[06:05:22 +      1s]                       LEBL                    1,862     1043     +19,334,595        +820,883     +18,513,712    330.3    314.2
[06:05:22 +      1s]                       LEMD                      947     1116     +14,688,689        +847,620     +13,841,069    322.5    297.4
[06:05:22 +      1s]                       LFPG                    3,762     1187    +112,117,733      -7,239,778    +119,357,511   1738.7   1730.2
[06:05:22 +      1s]                       LSZH                    2,054      759     +15,789,586     +14,486,138      +1,303,448   1993.1   1991.2
[06:05:22 +      1s]                       LTFM                    3,643     1302    +201,108,469      +2,067,268    +199,041,201    934.7    904.6
[06:05:22 +      1s]   --- per_witness_bin ---  key                         n   mean y        sum g E5       sum g E5w       physics +      S1C       E5
[06:05:22 +      1s]                           1100-1300               3,663     1015     +21,786,508      +5,182,610     +16,603,899    439.2    432.4
[06:05:22 +      1s]                           1300-1500               1,886     1301     +26,707,756      -1,088,009     +27,795,765    619.0    607.4
[06:05:22 +      1s]                           1500-2000                 819     1784      +6,074,294      -8,157,646     +14,231,940   1063.6   1060.1
[06:05:22 +      1s]                           2000-2400                 203     3780     +64,769,432     -27,892,410     +92,661,842   2508.2   2443.8
[06:05:22 +      1s]                           900-1100                4,886      959     +62,440,074     +21,463,843     +40,976,231    423.1    407.7
[06:05:22 +      1s]                           <900                    8,843      842    +140,129,353     +14,472,799    +125,656,554   1485.7   1480.4
[06:05:22 +      1s]                           >=2400                     98     4512      -6,585,151     -35,039,437     +28,454,286   2709.8   2722.1
[06:05:22 +      1s]                           NaN                       333     1242    +134,882,903     +69,656,839     +65,226,064   1291.3   1123.6
[06:05:22 +      1s]   --- per_season ---  key                         n   mean y        sum g E5       sum g E5w       physics +      S1C       E5
[06:05:22 +      1s]                      DJF                     3,916     1274    +320,707,889     +43,665,009    +277,042,880   1901.0   1879.3
[06:05:22 +      1s]                      JJA                     7,961      988     +51,104,669     -22,668,944     +73,773,613    501.5    495.1
[06:05:22 +      1s]                      MAM                     3,487      917     +24,228,594     +15,341,966      +8,886,628   1525.8   1523.5
[06:05:22 +      1s]                      SON                     5,367      996     +54,164,018      +2,260,557     +51,903,461    438.0    426.3
[06:05:22 +      1s]   --- deice_airport_x_deicing_condition ---  key                         n   mean y        sum g E5       sum g E5w       physics +      S1C       E5
[06:05:22 +      1s]                                             deice_apt|0             8,540      732     +40,814,362     +16,488,173     +24,326,189   1021.6   1019.3
[06:05:22 +      1s]                                             deice_apt|1               563     1264     +63,844,442     +44,373,193     +19,471,248    830.0    758.6
[06:05:22 +      1s]                                             other_apt|0            11,126     1150    +104,678,558     -56,941,419    +161,619,977    762.9    756.7
[06:05:22 +      1s]                                             other_apt|1               500     3259    +240,967,805     +34,502,196    +206,465,609   4364.3   4308.7
[06:05:22 +      1s]                                             other_apt|NaN               2     1526         -99,998        +176,444        -276,442    671.2    707.4
[06:05:22 +      1s]   --- deice_airport_x_freezing ---  key                         n   mean y        sum g E5       sum g E5w       physics +      S1C       E5
[06:05:22 +      1s]                                    deice_apt|<=0             485     1186     +43,524,168     +24,604,170     +18,919,998    779.9    720.1
[06:05:22 +      1s]                                    deice_apt|>0            8,618      741     +61,134,635     +36,257,196     +24,877,439   1022.3   1018.8
[06:05:22 +      1s]                                    other_apt|<=0             310     3241    +221,801,909     +31,943,976    +189,857,933   5236.6   5167.8
[06:05:22 +      1s]                                    other_apt|>0           11,316     1186    +123,844,454     -54,383,199    +178,227,653    814.0    807.3
[06:05:22 +      1s]                                    other_apt|NaN               2     1526         -99,998        +176,444        -276,442    671.2    707.4
[06:05:22 +      1s]   LIRF (report-only): n 1,488 sum g +57,562,328
[06:05:22 +      1s]   VERDICT (plans/PREREG_unm_physics_2026_09_11.md): INCONCLUSIVE
[06:05:22 +      1s] json -> /Users/saurabhdxt/Projects/prc-challenge/reports/unm_physics.json   wall 1s   peak RSS 0.65 GB
