[06:03:43 +      0s] unm_physics lomo  smoke=False  prereg=plans/PREREG_unm_physics_2026_09_11.md  paths={'lomo': '/Users/saurabhdxt/Projects/prc-challenge/data/cache_stand/unm_physics_lomo.parquet', 'json': '/Users/saurabhdxt/Projects/prc-challenge/reports/unm_physics.json', 'lomo_log': '/Users/saurabhdxt/Projects/prc-challenge/reports/unm_physics_lomo.log', 'score_log': '/Users/saurabhdxt/Projects/prc-challenge/reports/unm_physics_score.log'}
[06:03:43 +      0s] --- the physics block: stand_ab.build_unmatched_month per training file (fresh; compared to data/cache_unmatched) ---
[06:03:44 +      1s]   physics training_2025-01-01_2025-02-01.parquet: 1,408 unmatched rows, prev_dep_gap < 0 -> NaN on 65; cache equal (0.8s, peak RSS 0.46 GB)
[06:03:45 +      1s]   physics training_2025-02-01_2025-03-01.parquet: 1,082 unmatched rows, prev_dep_gap < 0 -> NaN on 52; cache equal (0.6s, peak RSS 0.51 GB)
[06:03:46 +      2s]   physics training_2025-03-01_2025-04-01.parquet: 1,061 unmatched rows, prev_dep_gap < 0 -> NaN on 99; cache equal (0.7s, peak RSS 0.53 GB)
[06:03:46 +      3s]   physics training_2025-04-01_2025-05-01.parquet: 1,064 unmatched rows, prev_dep_gap < 0 -> NaN on 55; cache equal (0.7s, peak RSS 0.55 GB)
[06:03:47 +      4s]   physics training_2025-05-01_2025-06-01.parquet: 1,591 unmatched rows, prev_dep_gap < 0 -> NaN on 37; cache equal (0.9s, peak RSS 0.57 GB)
[06:03:48 +      5s]   physics training_2025-06-01_2025-07-01.parquet: 2,470 unmatched rows, prev_dep_gap < 0 -> NaN on 78; cache equal (1.1s, peak RSS 0.60 GB)
[06:03:50 +      6s]   physics training_2025-07-01_2025-08-01.parquet: 3,913 unmatched rows, prev_dep_gap < 0 -> NaN on 55; cache equal (1.5s, peak RSS 0.61 GB)
[06:03:51 +      7s]   physics training_2025-08-01_2025-09-01.parquet: 2,296 unmatched rows, prev_dep_gap < 0 -> NaN on 54; cache equal (1.1s, peak RSS 0.61 GB)
[06:03:52 +      9s]   physics training_2025-09-01_2025-10-01.parquet: 2,454 unmatched rows, prev_dep_gap < 0 -> NaN on 92; cache equal (1.1s, peak RSS 0.61 GB)
[06:03:53 +     10s]   physics training_2025-10-01_2025-11-01.parquet: 1,902 unmatched rows, prev_dep_gap < 0 -> NaN on 60; cache equal (1.0s, peak RSS 0.61 GB)
[06:03:54 +     10s]   physics training_2025-11-01_2025-12-01.parquet: 1,347 unmatched rows, prev_dep_gap < 0 -> NaN on 63; cache equal (0.8s, peak RSS 0.61 GB)
[06:03:55 +     11s]   physics training_2025-12-01_2026-01-01.parquet: 1,631 unmatched rows, prev_dep_gap < 0 -> NaN on 109; cache equal (0.9s, peak RSS 0.61 GB)
[06:03:57 +     13s] frame: 2,084,659 admissible DEP rows from 12 files in 2s; peak RSS 2.63 GB
[06:03:59 +     15s] witness: 74,651 airport-hours from 2,062,440 matched rows; on the 22,219 unmatched rows hprox_med is NaN on 481 (2.2%), median hprox_n 33
[06:03:59 +     16s] fold 1: fit_unmatched(all matched) == fit_unmatched(LIRF matched) bit-exact; releasing the full frame
[06:03:59 +     16s] inputs: built 25 of 25; DROPPED none
[06:03:59 +     16s]   temp_c                     weather       built    finite 22,217 nonzero 21,854
[06:03:59 +     16s]   dewspread_c                weather       built    finite 22,217 nonzero 21,285
[06:03:59 +     16s]   vis_km                     weather       built    finite 22,216 nonzero 22,216
[06:03:59 +     16s]   wind_kt                    weather       built    finite 22,217 nonzero 22,160
[06:03:59 +     16s]   gust_kt                    weather       built    finite 22,217 nonzero 585
[06:03:59 +     16s]   wx_precip                  weather       built    finite 22,217 nonzero 2,620
[06:03:59 +     16s]   wx_frozen                  weather       built    finite 22,217 nonzero 342
[06:03:59 +     16s]   wx_sn                      weather       built    finite 22,217 nonzero 240
[06:03:59 +     16s]   wx_fzra                    weather       built    finite 22,217 nonzero 4
[06:03:59 +     16s]   wx_fzdz                    weather       built    finite 22,217 nonzero 2
[06:03:59 +     16s]   wx_fzfg                    weather       built    finite 22,217 nonzero 84
[06:03:59 +     16s]   wx_fg                      weather       built    finite 22,217 nonzero 388
[06:03:59 +     16s]   wx_br                      weather       built    finite 22,217 nonzero 525
[06:03:59 +     16s]   wx_intensity               weather       built    finite 2,620 nonzero 2,109
[06:03:59 +     16s]   deicing_condition          weather       built    finite 22,217 nonzero 1,064
[06:03:59 +     16s]   deice_x_airport            weather       built    finite 22,219 nonzero 563
[06:03:59 +     16s]   q_dep_tko_sym15            queue         built    finite 22,219 nonzero 22,007
[06:03:59 +     16s]   q_rwy_tko_sym10            queue         built    finite 22,009 nonzero 20,015
[06:03:59 +     16s]   q_arr_taxiin_sym30_tko     queue         built    finite 22,176 nonzero 22,176
[06:03:59 +     16s]   q_rwy_ambient_proxy        queue         built    finite 21,478 nonzero 21,478
[06:03:59 +     16s]   prev_arr_gap               stand_history built    finite 21,865 nonzero 21,858
[06:03:59 +     16s]   prev_arr_taxiin            stand_history built    finite 21,865 nonzero 21,862
[06:03:59 +     16s]   prev_dep_gap               stand_history built    finite 21,001 nonzero 21,001
[06:03:59 +     16s]   AIRCRAFT_TYPE_mvt          encoded       built    non-null 20,715 levels 192
[06:03:59 +     16s]   airline_adep               encoded       built    non-null 22,154 levels 1,676
[06:03:59 +     16s]   arm E5w: numeric 21 (temp_c, dewspread_c, vis_km, wind_kt, gust_kt, wx_precip, wx_frozen, wx_sn, wx_fzra, wx_fzdz, wx_fzfg, wx_fg, wx_br, wx_intensity, deicing_condition, deice_x_airport); extra []
[06:03:59 +     16s]   arm E5: numeric 28 (temp_c, dewspread_c, vis_km, wind_kt, gust_kt, wx_precip, wx_frozen, wx_sn, wx_fzra, wx_fzdz, wx_fzfg, wx_fg, wx_br, wx_intensity, deicing_condition, deice_x_airport, q_dep_tko_sym15, q_rwy_tko_sym10, q_arr_taxiin_sym30_tko, q_rwy_ambient_proxy, prev_arr_gap, prev_arr_taxiin, prev_dep_gap); extra ['AIRCRAFT_TYPE_mvt', 'airline_adep']
[06:03:59 +     16s]   arm E5_fog15: numeric 28 (temp_c, dewspread_c, vis_km, wind_kt, gust_kt, wx_precip, wx_frozen, wx_sn, wx_fzra, wx_fzdz, wx_fzfg, wx_fg, wx_br, wx_intensity, deicing_condition__fog15, deice_x_airport__fog15, q_dep_tko_sym15, q_rwy_tko_sym10, q_arr_taxiin_sym30_tko, q_rwy_ambient_proxy, prev_arr_gap, prev_arr_taxiin, prev_dep_gap); extra ['AIRCRAFT_TYPE_mvt', 'airline_adep']
[06:03:59 +     16s]   arm E5_lt3: numeric 28 (temp_c, dewspread_c, vis_km, wind_kt, gust_kt, wx_precip, wx_frozen, wx_sn, wx_fzra, wx_fzdz, wx_fzfg, wx_fg, wx_br, wx_intensity, deicing_condition__lt3, deice_x_airport__lt3, q_dep_tko_sym15, q_rwy_tko_sym10, q_arr_taxiin_sym30_tko, q_rwy_ambient_proxy, prev_arr_gap, prev_arr_taxiin, prev_dep_gap); extra ['AIRCRAFT_TYPE_mvt', 'airline_adep']
[06:03:59 +     16s] weather: joined on 22,217 of 22,219 rows (median age 902 s); deicing_condition 1 on 1,064, interaction 1 on 563; table findings {'n_obs': 205417, 'temp_plus3_not_exact': 4969, 'temp_plus3_stored_below_3': 4969, 'spread3_stored_above_3': 5504, 'dc_frost_lost_to_float_spread': 289, 'deicing_condition_lost_to_float_spread': 283, 'deicing_condition_counts': {'0.0': 191571, '1.0': 13836, 'nan': 10}, 'variant_differs_from_default': {'fog15': 295, 'lt3': 1156}}
[06:03:59 +     16s] --- 12-fold LOMO: S1C (unm_congestion.congestion_arms) and E5w / E5 / E5_fog15 / E5_lt3 ---
[06:04:05 +     22s]   fold  1: test 1,408  train 20,811  routed 1,405 -> body; E5 differs from S1C on 1,396; weather NaN on    2; deicing==1 on  357  (6.0s)
[06:04:11 +     28s]   fold  2: test 1,083  train 21,136  routed 1,079 -> body; E5 differs from S1C on 1,070; weather NaN on    0; deicing==1 on  301  (6.2s)
[06:04:17 +     34s]   fold  3: test 1,060  train 21,159  routed 1,055 -> body; E5 differs from S1C on 1,045; weather NaN on    0; deicing==1 on   21  (6.1s)
[06:04:24 +     40s]   fold  4: test 1,064  train 21,155  routed 1,053 -> body; E5 differs from S1C on 1,047; weather NaN on    0; deicing==1 on    0  (6.3s)
[06:04:30 +     47s]   fold  5: test 1,591  train 20,628  routed 1,584 -> body; E5 differs from S1C on 1,579; weather NaN on    0; deicing==1 on    0  (6.4s)
[06:04:36 +     53s]   fold  6: test 2,470  train 19,749  routed 2,456 -> body; E5 differs from S1C on 2,448; weather NaN on    0; deicing==1 on    0  (6.0s)
[06:04:42 +     58s]   fold  7: test 3,913  train 18,306  routed 3,886 -> body; E5 differs from S1C on 3,877; weather NaN on    0; deicing==1 on    0  (5.8s)
[06:04:48 +     64s]   fold  8: test 2,297  train 19,922  routed 2,274 -> body; E5 differs from S1C on 2,268; weather NaN on    0; deicing==1 on    0  (5.9s)
[06:04:53 +     70s]   fold  9: test 2,453  train 19,766  routed 2,440 -> body; E5 differs from S1C on 2,434; weather NaN on    0; deicing==1 on    0  (5.8s)
[06:05:00 +     76s]   fold 10: test 1,902  train 20,317  routed 1,892 -> body; E5 differs from S1C on 1,886; weather NaN on    0; deicing==1 on    0  (6.3s)
[06:05:06 +     82s]   fold 11: test 1,347  train 20,872  routed 1,339 -> body; E5 differs from S1C on 1,334; weather NaN on    0; deicing==1 on  152  (6.1s)
[06:05:12 +     88s]   fold 12: test 1,631  train 20,588  routed 1,619 -> body; E5 differs from S1C on 1,612; weather NaN on    0; deicing==1 on  233  (6.0s)
[06:05:12 +     88s] LOMO scored 22,219 rows in 73s; peak RSS 3.40 GB
[06:05:12 +     88s] reproduction guard: {'status': 'reproduced', 'n_rows': 22219, 'max_abs_diff_s': {'S1C': 0.0, 'S1': 0.0, 'S1C_seed0': 0.0, 'S1C_seed1': 0.0, 'S1C_seed2': 0.0, 'p_hat': 0.0, 'nf_cells': 0.0, 'nf_fit_c': 0.0}, 'tolerance_s': 1e-06, 'columns': ['S1C', 'S1', 'S1C_seed0', 'S1C_seed1', 'S1C_seed2', 'p_hat', 'nf_cells', 'nf_fit_c'], 'reference': 'data/cache_stand/unm_congestion_lomo.parquet'}
[06:05:12 +     89s] predictions -> /Users/saurabhdxt/Projects/prc-challenge/data/cache_stand/unm_physics_lomo.parquet (22,219 rows, convention taxi_time); non-LIRF RMSE S1C 1104.75 E5w 1103.90 E5 1094.87 (descriptive; the clauses are the `score` step)   wall 88s   peak RSS 3.40 GB
       89.33 real        88.46 user         0.69 sys
          3646095360  maximum resident set size
                   0  average shared memory size
                   0  average unshared data size
                   0  average unshared stack size
              450681  page reclaims
                  98  page faults
                   0  swaps
                   0  block input operations
                   0  block output operations
                   0  messages sent
                   0  messages received
                   0  signals received
                  25  voluntary context switches
               10704  involuntary context switches
       1130679791218  instructions retired
        399689809990  cycles elapsed
          3061730544  peak memory footprint
