[15:43:39 +      0s] unm_congestion score  smoke=False  prereg=plans/PREREG_unm_congestion_2026_09_10.md  paths={'lomo': '/Users/saurabhdxt/Projects/prc-challenge/data/cache_stand/unm_congestion_lomo.parquet', 'witness_2026': '/Users/saurabhdxt/Projects/prc-challenge/data/cache_stand/unm_congestion_2026_witness.parquet', 'json': '/Users/saurabhdxt/Projects/prc-challenge/reports/unm_congestion.json', 'lomo_log': '/Users/saurabhdxt/Projects/prc-challenge/reports/unm_congestion_lomo.log', 'score_log': '/Users/saurabhdxt/Projects/prc-challenge/reports/unm_congestion_score.log'}
[15:43:40 +      0s] ranking: 344,841 DEP rows, 339,551 matched; template 344,841
[15:43:40 +      1s] 2026 witness: 4,907 scored non-LIRF unmatched rows, bins {'NaN': 117, '<900': 1692, '900-1100': 1207, '1100-1300': 937, '1300-1500': 443, '1500-2000': 279, '2000-2400': 47, '>=2400': 185} -> /Users/saurabhdxt/Projects/prc-challenge/data/cache_stand/unm_congestion_2026_witness.parquet
[15:43:40 +      1s] === E3C on the non-LIRF LOMO rows: n=20,731, sum g +1,711,682,421 s^2 ===
[15:43:40 +      1s]   RMSE pooled S1 1141.50 S1C 1104.75 gain +36.76 s; ex-monster S1 649.31 S1C 581.53 gain +67.78 s
[15:43:40 +      1s]   C1 date-block bootstrap (365 dates, 2000 draws, seed 0): sum g +1,711,682,421 95% [+442,749,742, +3,454,494,691]  passes True
[15:43:40 +      1s]   C2 2026-priced gain +3960.3 board MSE (>= 500: True); denominator 344,841
[15:43:40 +      1s]   bin          n2025    per-row g         used       from   n2026    priced
[15:43:40 +      1s]   NaN            333     -18909.5     -18909.5        NaN     117     -6.42
[15:43:40 +      1s]   <900         8,843       +872.8       +872.8       <900   1,692     +4.28
[15:43:40 +      1s]   900-1100     4,886      +1629.7      +1629.7   900-1100   1,207     +5.70
[15:43:40 +      1s]   1100-1300    3,663      +9314.5      +9314.5  1100-1300     937    +25.31
[15:43:40 +      1s]   1300-1500    1,886     +22045.0     +22045.0  1300-1500     443    +28.32
[15:43:40 +      1s]   1500-2000      819    +240922.8    +240922.8  1500-2000     279   +194.92
[15:43:40 +      1s]   2000-2400      203   +4221778.7   +4221778.7  2000-2400      47   +575.41
[15:43:40 +      1s]   >=2400          98   +5839445.1   +5839445.1     >=2400     185  +3132.74
[15:43:40 +      1s]   C3 months with sum g > 0: 12 of 12 (>= 8: True)  1:+74,498,612  10:+22,955,364  11:+122,126,323  12:+48,204,765  2:+1,321,334,201  3:+44,860,578  4:+6,728,658  5:+3,315,725  6:+8,344,572  7:+35,603,717  8:+5,483,414  9:+18,226,492
[15:43:40 +      1s]   C4 airports with sum g > 0: 7 of 9 (>= 6: True)  EDDF:-3,880,556  EDDM:+37,929,985  EGLL:+69,499,445  EHAM:+48,648,948  LEBL:+1,617,357  LEMD:+1,907,673  LFPG:+183,187,111  LSZH:-739,665  LTFM:+1,373,512,124
[15:43:40 +      1s]   C5 calm (hprox_med < 1100, n 13,729) sum g +15,680,965 >= -171,168,242: True
[15:43:40 +      1s]   C6 ex-monster (y <= 10800, n 20,725) sum g +1,728,942,565 > 0: True
[15:43:40 +      1s]   C7 pooled +1,711,682,421 vs 2 x seed sd 53,167,380 (per seed {'0': 1723416743.4862435, '1': 1726071476.6553144, '2': 1678757242.0993707}): True
[15:43:40 +      1s]   fold-A months (1, 7) (seen by the exploratory look): sum g +110,102,329 on 4,924 rows {'1': 74498612.21056224, '7': 35603716.739283204}; other ten months sum g +1,601,580,092
[15:43:40 +      1s]   LIRF (report-only, keeps R2/E1): n 1,488 sum g +45,716,505 rmse {'n': 1488, 'S1': 4450.736510850874, 'S1C': 4447.2836688378275, 'gain_s': 3.452842013046393}
[15:43:40 +      1s]   VERDICT (plans/PREREG_unm_congestion_2026_09_10.md): WORKING
[15:43:40 +      1s] json -> /Users/saurabhdxt/Projects/prc-challenge/reports/unm_congestion.json   wall 1s   peak RSS 0.63 GB
exit 0
