[10:01:50 +      0s] version 6  smoke=False  seeds=[0, 1, 2]  per-airport=False  queue=True (83 features)  dayfeats=False  orderfeats=True  weatherfeats=False  target=delta  all-rows=False  fillhead=False  out=/Users/saurabhdxt/Projects/prc-challenge/submissions/merry-quicksand_v6.parquet  boosters=['lgbm_v6_queue_order_seed0.txt', 'lgbm_v6_queue_order_seed1.txt', 'lgbm_v6_queue_order_seed2.txt'] in /Users/saurabhdxt/Projects/prc-challenge/data/cache_stand
[10:01:51 +      1s] loaded 12 training months (2,062,440 rows) + ranking (339,551 rows); peak RSS 3.15 GB
[10:01:58 +      8s] design matrix 2,401,991 x 83 float32 (0.80 GB); peak RSS 3.85 GB
[10:01:58 +      8s] early-stopping run (seed 0, target delta): fit 1,717,600 rows, stop on 344,840 rows (months (3, 9)), lr 0.01, max 50,000 rounds, patience 200
[10:01:59 +      9s]     iter      0  valid_0 rmse (delta) 374.752
[10:03:43 +    112s]     iter  1,000  valid_0 rmse (delta) 205.504
[10:05:09 +    199s]     iter  2,000  valid_0 rmse (delta) 201.472
[10:06:15 +    265s]     iter  3,000  valid_0 rmse (delta) 200.037
[10:07:12 +    321s]     iter  4,000  valid_0 rmse (delta) 199.303
[10:08:05 +    375s]     iter  5,000  valid_0 rmse (delta) 198.821
[10:08:57 +    426s]     iter  6,000  valid_0 rmse (delta) 198.423
[10:09:47 +    476s]     iter  7,000  valid_0 rmse (delta) 198.122
[10:10:37 +    527s]     iter  8,000  valid_0 rmse (delta) 197.906
[10:11:29 +    579s]     iter  9,000  valid_0 rmse (delta) 197.724
[10:12:16 +    626s]     iter 10,000  valid_0 rmse (delta) 197.564
[10:13:03 +    673s]     iter 11,000  valid_0 rmse (delta) 197.423
[10:13:50 +    720s]     iter 12,000  valid_0 rmse (delta) 197.324
[10:14:37 +    766s]     iter 13,000  valid_0 rmse (delta) 197.229
[10:15:22 +    812s]     iter 14,000  valid_0 rmse (delta) 197.146
[10:16:07 +    856s]     iter 15,000  valid_0 rmse (delta) 197.087
[10:16:51 +    901s]     iter 16,000  valid_0 rmse (delta) 197.028
[10:17:36 +    946s]     iter 17,000  valid_0 rmse (delta) 196.973
[10:18:20 +    990s]     iter 18,000  valid_0 rmse (delta) 196.920
[10:19:04 +   1034s]     iter 19,000  valid_0 rmse (delta) 196.878
[10:19:56 +   1085s]     iter 20,000  valid_0 rmse (delta) 196.850
[10:20:40 +   1130s]     iter 21,000  valid_0 rmse (delta) 196.821
[10:21:26 +   1176s]     iter 22,000  valid_0 rmse (delta) 196.792
[10:22:11 +   1220s]     iter 23,000  valid_0 rmse (delta) 196.766
[10:22:56 +   1266s]     iter 24,000  valid_0 rmse (delta) 196.746
[10:23:39 +   1309s]     iter 25,000  valid_0 rmse (delta) 196.729
[10:31:01 +   1751s] best_iter 25,340   stopping-set RMSE (taxi-time) 196.50   proxy-only on the 344,840 rows with a proxy 366.28   ratio 0.536   [stopping set, optimistic by construction; NOT a fold result]   peak RSS 4.35 GB
[10:31:01 +   1751s] n_ref 30,427: refit on all 2,062,440 training rows (best_iter 25,340 x 1.201), no early stopping
